WARNING: Method definition rrule(Type{T}, Tuple) where {T<:(StaticArraysCore.SArray{S, T, N, L} where L where N where T where S<:Tuple)} in module StaticArraysChainRulesCoreExt at /home/eford/.julia/packages/StaticArrays/k7bbZ/ext/StaticArraysChainRulesCoreExt.jl:28 overwritten in module TemporalGPs at /home/eford/.julia/packages/TemporalGPs/swuDu/src/util/chainrules.jl:31.
ERROR: Method overwriting is not permitted during Module precompilation. Use `__precompile__(false)` to opt-out of precompilation.
WARNING: Method definition rrule(Type{T}, Tuple) where {T<:(StaticArraysCore.SArray{S, T, N, L} where L where N where T where S<:Tuple)} in module StaticArraysChainRulesCoreExt at /home/eford/.julia/packages/StaticArrays/k7bbZ/ext/StaticArraysChainRulesCoreExt.jl:28 overwritten in module TemporalGPs at /home/eford/.julia/packages/TemporalGPs/swuDu/src/util/chainrules.jl:31.
ERROR: Method overwriting is not permitted during Module precompilation. Use `__precompile__(false)` to opt-out of precompilation.
WARNING: method definition for calc_continuum_anchors at /mnt/c/Users/eford/Code/StellarSpectraObservationFitting.jl/src/rassine.jl:123 declares type variable T3 but does not use it.
WARNING: method definition for calc_continuum_anchors at /mnt/c/Users/eford/Code/StellarSpectraObservationFitting.jl/src/rassine.jl:123 declares type variable T3 but does not use it.
WARNING: method definition for calc_continuum_from_anchors at /mnt/c/Users/eford/Code/StellarSpectraObservationFitting.jl/src/rassine.jl:221 declares type variable T4 but does not use it.
WARNING: method definition for calc_continuum_from_anchors at /mnt/c/Users/eford/Code/StellarSpectraObservationFitting.jl/src/rassine.jl:221 declares type variable T4 but does not use it.
WARNING: method definition for calc_continuum_from_anchors_linear at /mnt/c/Users/eford/Code/StellarSpectraObservationFitting.jl/src/rassine.jl:227 declares type variable T4 but does not use it.
WARNING: method definition for calc_continuum_from_anchors_linear at /mnt/c/Users/eford/Code/StellarSpectraObservationFitting.jl/src/rassine.jl:227 declares type variable T4 but does not use it.
WARNING: method definition for calc_continuum_from_anchors_cubic at /mnt/c/Users/eford/Code/StellarSpectraObservationFitting.jl/src/rassine.jl:247 declares type variable T4 but does not use it.
WARNING: method definition for calc_continuum_from_anchors_cubic at /mnt/c/Users/eford/Code/StellarSpectraObservationFitting.jl/src/rassine.jl:247 declares type variable T4 but does not use it.
WARNING: method definition for calc_continuum_from_anchors_hybrid at /mnt/c/Users/eford/Code/StellarSpectraObservationFitting.jl/src/rassine.jl:255 declares type variable T4 but does not use it.
WARNING: method definition for calc_continuum_from_anchors_hybrid at /mnt/c/Users/eford/Code/StellarSpectraObservationFitting.jl/src/rassine.jl:255 declares type variable T4 but does not use it.
WARNING: method definition for #find_clean_anchors_by_slope#320 at /mnt/c/Users/eford/Code/StellarSpectraObservationFitting.jl/src/rassine.jl:284 declares type variable AV3 but does not use it.
WARNING: method definition for find_clean_anchors_by_slope at /mnt/c/Users/eford/Code/StellarSpectraObservationFitting.jl/src/rassine.jl:284 declares type variable T3 but does not use it.
WARNING: method definition for find_clean_anchors_by_slope at /mnt/c/Users/eford/Code/StellarSpectraObservationFitting.jl/src/rassine.jl:284 declares type variable T3 but does not use it.
WARNING: method definition for #merge_nearby_anchors#321 at /mnt/c/Users/eford/Code/StellarSpectraObservationFitting.jl/src/rassine.jl:299 declares type variable AV3 but does not use it.
WARNING: method definition for merge_nearby_anchors at /mnt/c/Users/eford/Code/StellarSpectraObservationFitting.jl/src/rassine.jl:299 declares type variable T3 but does not use it.
WARNING: method definition for merge_nearby_anchors at /mnt/c/Users/eford/Code/StellarSpectraObservationFitting.jl/src/rassine.jl:299 declares type variable T3 but does not use it.
WARNING: method definition for calc_continuum at /mnt/c/Users/eford/Code/StellarSpectraObservationFitting.jl/src/rassine.jl:367 declares type variable T4 but does not use it.
WARNING: method definition for calc_continuum at /mnt/c/Users/eford/Code/StellarSpectraObservationFitting.jl/src/rassine.jl:367 declares type variable T4 but does not use it.
WARNING: method definition for calc_continuum at /mnt/c/Users/eford/Code/StellarSpectraObservationFitting.jl/src/rassine.jl:421 declares type variable T4 but does not use it.
WARNING: method definition for calc_continuum at /mnt/c/Users/eford/Code/StellarSpectraObservationFitting.jl/src/rassine.jl:421 declares type variable T4 but does not use it.
WARNING: method definition for calc_continuum at /mnt/c/Users/eford/Code/StellarSpectraObservationFitting.jl/src/rassine.jl:440 declares type variable T4 but does not use it.
WARNING: method definition for calc_continuum at /mnt/c/Users/eford/Code/StellarSpectraObservationFitting.jl/src/rassine.jl:440 declares type variable T4 but does not use it.
Julia: 1.12.7, threads: 4, output: profiling/baseline_seeded
[setup_simulate_data] wall time: 9.373265593 s
looking for time variability...
n_comp: (-1,0) -> (0,0)
aic   : 5.790959380284421e6 -> -2.257796995072876e6
RV std: 9.344411526813422 -> 4.002435503043294
n_comp: (0,0) -> (1,0)
aic   : -2.257796995072876e6 -> -5.711152765657151e6
RV std: 4.002435503043294 -> 1.3059779530189934
n_comp: (1,0) -> (1,1)
aic   : -5.711152765657151e6 -> -5.722567509541396e6
RV std: 1.3059779530189934 -> 1.6949472959809322
n_comp: (1,1) -> (1,2)
aic   : -5.722567509541396e6 -> -5.701999793488555e6
RV std: 1.6949472959809322 -> 1.8157436522523238
n_comp: (1,2) -> (2,2)
aic   : -5.701999793488555e6 -> -5.679454800101756e6
RV std: 1.8157436522523238 -> 1.5967045394598038
stopped at (2,2)
(1,1) was the best at aic = -5.722567509541396e6
best possible aic (k=0, χ²=0) = -6.543648103616821e6
[calculate_initial_model] wall time: 464.514612594 s
[ModelWorkspace_construction] wall time: 0.129252097 s
ℓ:     714000.5940754256  ℓ_1/ℓ_0:       Inf
L2_Δ:  4.302031587660109e12  L2_Δ_1/L2_Δ_0: Inf

ℓ:     706397.8098187702  ℓ_2/ℓ_1:       0.9893518516374619
L2_Δ:  3.938207471717844e12  L2_Δ_2/L2_Δ_1: 0.915429696754005

ℓ:     693753.4260564886  ℓ_3/ℓ_2:       0.9821001939890988
L2_Δ:  2.49237402409864e12  L2_Δ_3/L2_Δ_2: 0.6328701679628543

ℓ:     684995.2777160575  ℓ_4/ℓ_3:       0.9873757043763874
L2_Δ:  8.566292664058054e11  L2_Δ_4/L2_Δ_3: 0.34370012611393785

ℓ:     680226.1486711655  ℓ_5/ℓ_4:       0.9930377198207943
L2_Δ:  2.0924508902866895e12  L2_Δ_5/L2_Δ_4: 2.442656318603346

ℓ:     675352.1817079019  ℓ_6/ℓ_5:       0.9928347844716277
L2_Δ:  2.0558620366593353e11  L2_Δ_6/L2_Δ_5: 0.09825138770055716

ℓ:     672806.0174242499  ℓ_7/ℓ_6:       0.9962298718318893
L2_Δ:  1.4382196346123296e12  L2_Δ_7/L2_Δ_6: 6.995701116935642

ℓ:     671129.8318152521  ℓ_8/ℓ_7:       0.9975086643615125
L2_Δ:  9.712810265073031e11  L2_Δ_8/L2_Δ_7: 0.6753356741434773

ℓ:     669400.1413225624  ℓ_9/ℓ_8:       0.9974227185103495
L2_Δ:  2.595778739603825e11  L2_Δ_9/L2_Δ_8: 0.2672531089110395

ℓ:     668120.0888126247  ℓ_10/ℓ_9:       0.9980877618170073
L2_Δ:  1.273440184659215e12  L2_Δ_10/L2_Δ_9: 4.9058117520970645

ℓ:     666977.7882446734  ℓ_11/ℓ_10:       0.9982902765729117
L2_Δ:  4.97846882758234e11  L2_Δ_11/L2_Δ_10: 0.3909464211634429

ℓ:     665853.0968489863  ℓ_12/ℓ_11:       0.9983137498496809
L2_Δ:  3.021242373456817e11  L2_Δ_12/L2_Δ_11: 0.6068617637451398

ℓ:     664631.24534404  ℓ_13/ℓ_12:       0.9981649833713645
L2_Δ:  1.004746506987176e12  L2_Δ_13/L2_Δ_12: 3.3256070940034332

ℓ:     663226.1724950202  ℓ_14/ℓ_13:       0.9978859362106991
L2_Δ:  3.0973450890054803e11  L2_Δ_14/L2_Δ_13: 0.30827129703522455

ℓ:     661873.8147925015  ℓ_15/ℓ_14:       0.9979609403871514
L2_Δ:  2.135344077926655e11  L2_Δ_15/L2_Δ_14: 0.6894110977515546

ℓ:     660606.8863290004  ℓ_16/ℓ_15:       0.9980858459192885
L2_Δ:  6.389703234688348e11  L2_Δ_16/L2_Δ_15: 2.9923529892627556

ℓ:     659321.8260111685  ℓ_17/ℓ_16:       0.9980547276384403
L2_Δ:  1.8353754306718835e11  L2_Δ_17/L2_Δ_16: 0.28723954200376917

ℓ:     658158.3960764278  ℓ_18/ℓ_17:       0.998235414195554
L2_Δ:  1.553914066496211e11  L2_Δ_18/L2_Δ_17: 0.8466464356708552

ℓ:     657153.2089628048  ℓ_19/ℓ_18:       0.9984727276600658
L2_Δ:  3.956251820752976e11  L2_Δ_19/L2_Δ_18: 2.5459913814111954

ℓ:     656254.3212907213  ℓ_20/ℓ_19:       0.9986321490029666
L2_Δ:  9.921556341382838e10  L2_Δ_20/L2_Δ_19: 0.25078171943803396

ℓ:     655550.7162974128  ℓ_21/ℓ_20:       0.9989278470701348
L2_Δ:  1.4452542895896667e11  L2_Δ_21/L2_Δ_20: 1.4566810285212082

ℓ:     654993.7891681547  ℓ_22/ℓ_21:       0.999150443870455
L2_Δ:  3.3589995488253455e11  L2_Δ_22/L2_Δ_21: 2.324158158893287

ℓ:     654497.193579219  ℓ_23/ℓ_22:       0.9992418316064243
L2_Δ:  8.506993360647702e10  L2_Δ_23/L2_Δ_22: 0.2532597351381791

ℓ:     654119.3686966707  ℓ_24/ℓ_23:       0.9994227249768909
L2_Δ:  8.60104962247568e10  L2_Δ_24/L2_Δ_23: 1.0110563459780129

ℓ:     653795.571029379  ℓ_25/ℓ_24:       0.9995049868834539
L2_Δ:  2.4586634368332184e11  L2_Δ_25/L2_Δ_24: 2.8585620880600495

ℓ:     653423.7324979419  ℓ_26/ℓ_25:       0.9994312617767482
L2_Δ:  7.451930334063847e10  L2_Δ_26/L2_Δ_25: 0.30308867095945446

ℓ:     653059.1959964406  ℓ_27/ℓ_26:       0.9994421131596984
L2_Δ:  4.613342483890262e10  L2_Δ_27/L2_Δ_26: 0.6190801949398277

ℓ:     652725.704760277  ℓ_28/ℓ_27:       0.9994893399584477
L2_Δ:  1.613622191492759e11  L2_Δ_28/L2_Δ_27: 3.497729026465104

ℓ:     652377.8208321682  ℓ_29/ℓ_28:       0.999467028913414
L2_Δ:  5.854746437119363e10  L2_Δ_29/L2_Δ_28: 0.36283254332931225

ℓ:     652034.6590841691  ℓ_30/ℓ_29:       0.9994739831167752
L2_Δ:  3.222460729167446e10  L2_Δ_30/L2_Δ_29: 0.5504014159754036

ℓ:     651706.5885634235  ℓ_31/ℓ_30:       0.9994968511011264
L2_Δ:  1.0911657923090846e11  L2_Δ_31/L2_Δ_30: 3.386125957820432

ℓ:     651377.0780404756  ℓ_32/ℓ_31:       0.9994943882281837
L2_Δ:  4.176315695705352e10  L2_Δ_32/L2_Δ_31: 0.38273887663464845

ℓ:     651067.5812671928  ℓ_33/ℓ_32:       0.9995248577456642
L2_Δ:  2.389173115908814e10  L2_Δ_33/L2_Δ_32: 0.5720767513733893

ℓ:     650786.5841186128  ℓ_34/ℓ_33:       0.9995684055593228
L2_Δ:  8.000438069721178e10  L2_Δ_34/L2_Δ_33: 3.3486221724363845

ℓ:     650514.2479206099  ℓ_35/ℓ_34:       0.9995815276395537
L2_Δ:  2.9002398874023075e10  L2_Δ_35/L2_Δ_34: 0.3625101353360496

ℓ:     650259.8384091293  ℓ_36/ℓ_35:       0.9996089101625463
L2_Δ:  1.6708426085874836e10  L2_Δ_36/L2_Δ_35: 0.5761049683666088

ℓ:     650027.8495477748  ℓ_37/ℓ_36:       0.9996432366760923
L2_Δ:  6.872481348881761e10  L2_Δ_37/L2_Δ_36: 4.113182961435069

ℓ:     649809.3916340366  ℓ_38/ℓ_37:       0.9996639253012156
L2_Δ:  3.1529913368422424e10  L2_Δ_38/L2_Δ_37: 0.458784997263801

ℓ:     649611.7889041667  ℓ_39/ℓ_38:       0.9996959066267526
L2_Δ:  6.770989026900825e9  L2_Δ_39/L2_Δ_38: 0.21474810120100263

ℓ:     649431.5787395847  ℓ_40/ℓ_39:       0.9997225879091788
L2_Δ:  4.326298111968625e10  L2_Δ_40/L2_Δ_39: 6.389462595169544

ℓ:     649255.7907050041  ℓ_41/ℓ_40:       0.999729320161915
L2_Δ:  2.5618213880110085e10  L2_Δ_41/L2_Δ_40: 0.5921509155653829

ℓ:     649087.6038890755  ℓ_42/ℓ_41:       0.9997409544614981
L2_Δ:  4.342181183010617e9  L2_Δ_42/L2_Δ_41: 0.16949585959940305

ℓ:     648925.1454159173  ℓ_43/ℓ_42:       0.9997497125623955
L2_Δ:  2.5987590283650486e10  L2_Δ_43/L2_Δ_42: 5.9849161489001235

ℓ:     648759.9541682743  ℓ_44/ℓ_43:       0.9997454386706851
L2_Δ:  1.6616763188956184e10  L2_Δ_44/L2_Δ_43: 0.6394114655336186

ℓ:     648598.5599579326  ℓ_45/ℓ_44:       0.9997512266142434
L2_Δ:  3.022895590449139e9  L2_Δ_45/L2_Δ_44: 0.18191843718746697

ℓ:     648447.8438817386  ℓ_46/ℓ_45:       0.9997676281054282
L2_Δ:  1.8715845027673996e10  L2_Δ_46/L2_Δ_45: 6.191363369216869

ℓ:     648301.3424040006  ℓ_47/ℓ_46:       0.9997740736142153
L2_Δ:  1.2010921984794252e10  L2_Δ_47/L2_Δ_46: 0.6417515194763808

ℓ:     648159.1925528839  ℓ_48/ℓ_47:       0.9997807349116545
L2_Δ:  1.9680459829684453e9  L2_Δ_48/L2_Δ_47: 0.1638546970382439

ℓ:     648025.3002616913  ℓ_49/ℓ_48:       0.999793426842154
L2_Δ:  1.5746187239502813e10  L2_Δ_49/L2_Δ_48: 8.000924457950168

ℓ:     647896.3947065835  ℓ_50/ℓ_49:       0.9998010794407938
L2_Δ:  1.19025368509259e10  L2_Δ_50/L2_Δ_49: 0.7558996136579488

ℓ:     647773.3405308366  ℓ_51/ℓ_50:       0.9998100712139283
L2_Δ:  1.1467552840624542e9  L2_Δ_51/L2_Δ_50: 0.09634545126178273

ℓ:     647657.8934146793  ℓ_52/ℓ_51:       0.9998217785312642
L2_Δ:  1.0742589158384518e10  L2_Δ_52/L2_Δ_51: 9.36781308766087

ℓ:     647544.0416868598  ℓ_53/ℓ_52:       0.9998242100822406
L2_Δ:  1.057631161101915e10  L2_Δ_53/L2_Δ_52: 0.9845216507013498

ℓ:     647431.1136275844  ℓ_54/ℓ_53:       0.9998256055928162
L2_Δ:  1.2065963691955552e9  L2_Δ_54/L2_Δ_53: 0.11408479757143669

ℓ:     647321.9953121941  ℓ_55/ℓ_54:       0.9998314595744728
L2_Δ:  6.1399995894210005e9  L2_Δ_55/L2_Δ_54: 5.0886939047517386

ℓ:     647215.1380734261  ℓ_56/ℓ_55:       0.999834924134292
L2_Δ:  7.539986709981703e9  L2_Δ_56/L2_Δ_55: 1.2280109469343987

ℓ:     647111.0030744995  ℓ_57/ℓ_56:       0.9998391029615955
L2_Δ:  1.100246550775912e9  L2_Δ_57/L2_Δ_56: 0.14592155040795582

ℓ:     647010.91788474  ℓ_58/ℓ_57:       0.9998453353608825
L2_Δ:  3.2109236040059395e9  L2_Δ_58/L2_Δ_57: 2.918367343884462

ℓ:     646913.2777305299  ℓ_59/ℓ_58:       0.999849090407115
L2_Δ:  4.20132526641499e9  L2_Δ_59/L2_Δ_58: 1.3084475946962513

ℓ:     646818.194858853  ℓ_60/ℓ_59:       0.9998530206830651
L2_Δ:  5.949804363102344e8  L2_Δ_60/L2_Δ_59: 0.1416173227687115

ℓ:     646727.0931498442  ℓ_61/ℓ_60:       0.9998591540718351
L2_Δ:  3.0195158309096227e9  L2_Δ_61/L2_Δ_60: 5.074983388756649

ℓ:     646638.8579991459  ℓ_62/ℓ_61:       0.9998635666394172
L2_Δ:  3.9102671939200897e9  L2_Δ_62/L2_Δ_61: 1.294998076808271

ℓ:     646552.1619007472  ℓ_63/ℓ_62:       0.9998659281029493
L2_Δ:  6.247787803650016e8  L2_Δ_63/L2_Δ_62: 0.15977905073506074

ℓ:     646467.5662741702  ℓ_64/ℓ_63:       0.9998691588528166
L2_Δ:  2.2828855519934525e9  L2_Δ_64/L2_Δ_63: 3.653910189875158

ℓ:     646384.712145863  ℓ_65/ℓ_64:       0.9998718355991396
L2_Δ:  3.4513022876722536e9  L2_Δ_65/L2_Δ_64: 1.5118157301659387

ℓ:     646303.2428679626  ℓ_66/ℓ_65:       0.9998739616263046
L2_Δ:  7.070528819778066e8  L2_Δ_66/L2_Δ_65: 0.20486553278840192

ℓ:     646223.9681619103  ℓ_67/ℓ_66:       0.9998773413147356
L2_Δ:  1.5057118148188348e9  L2_Δ_67/L2_Δ_66: 2.1295603952663007

ℓ:     646146.3968695698  ℓ_68/ℓ_67:       0.9998799622171843
L2_Δ:  2.8366825782869806e9  L2_Δ_68/L2_Δ_67: 1.8839478779199768

ℓ:     646069.9891481926  ℓ_69/ℓ_68:       0.9998817485917318
L2_Δ:  8.122211544615924e8  L2_Δ_69/L2_Δ_68: 0.28632782556590364

ℓ:     645995.4642377354  ℓ_70/ℓ_69:       0.9998846488589332
L2_Δ:  6.793394297884538e8  L2_Δ_70/L2_Δ_69: 0.8363971143287647

ℓ:     645922.8631422349  ℓ_71/ℓ_70:       0.999887613614151
L2_Δ:  1.5916770244149659e9  L2_Δ_71/L2_Δ_70: 2.3429775376215303

ℓ:     645851.7844375222  ℓ_72/ℓ_71:       0.999889957905551
L2_Δ:  5.3407976580113083e8  L2_Δ_72/L2_Δ_71: 0.33554531328203113

ℓ:     645782.3432198522  ℓ_73/ℓ_72:       0.999892481186329
L2_Δ:  5.174403870198457e8  L2_Δ_73/L2_Δ_72: 0.9688447684283158

ℓ:     645714.3595373905  ℓ_74/ℓ_73:       0.9998947266316965
L2_Δ:  1.0974060673298788e9  L2_Δ_74/L2_Δ_73: 2.120835742355359

ℓ:     645647.64107826  ℓ_75/ℓ_74:       0.999896674964487
L2_Δ:  3.8756402879614776e8  L2_Δ_75/L2_Δ_74: 0.3531637379581268

ℓ:     645582.3097948795  ℓ_76/ℓ_75:       0.999898812790098
L2_Δ:  4.953725013469524e8  L2_Δ_76/L2_Δ_75: 1.2781694495376146

ℓ:     645518.2020892547  ℓ_77/ℓ_76:       0.9999006978588909
L2_Δ:  9.178529448657916e8  L2_Δ_77/L2_Δ_76: 1.8528540489633263

ℓ:     645455.1898660329  ℓ_78/ℓ_77:       0.9999023850558855
L2_Δ:  3.1302773347983485e8  L2_Δ_78/L2_Δ_77: 0.34104344844217477

ℓ:     645393.3833367148  ℓ_79/ℓ_78:       0.9999042435008836
L2_Δ:  4.901381001706534e8  L2_Δ_79/L2_Δ_78: 1.5657976841921835

ℓ:     645332.5738709817  ℓ_80/ℓ_79:       0.9999057792234889
L2_Δ:  9.60777976870809e8  L2_Δ_80/L2_Δ_79: 1.9602189189868955

ℓ:     645272.6543188205  ℓ_81/ℓ_80:       0.999907149345024
L2_Δ:  3.7166950175818974e8  L2_Δ_81/L2_Δ_80: 0.3868422369220962

ℓ:     645213.9027923452  ℓ_82/ℓ_81:       0.9999089508503389
L2_Δ:  2.987728057797106e8  L2_Δ_82/L2_Δ_81: 0.8038668880991313

ℓ:     645156.2495232377  ℓ_83/ℓ_82:       0.9999106447197466
L2_Δ:  7.366633545926815e8  L2_Δ_83/L2_Δ_82: 2.4656305404710555

ℓ:     645099.4142524668  ℓ_84/ℓ_83:       0.999911904641995
L2_Δ:  3.8123214911627966e8  L2_Δ_84/L2_Δ_83: 0.5175120314313338

ℓ:     645043.5180071313  ℓ_85/ℓ_84:       0.9999133525095504
L2_Δ:  2.00142595387979e8  L2_Δ_85/L2_Δ_84: 0.5249887656429875

ℓ:     644988.5920565076  ℓ_86/ℓ_85:       0.9999148492325085
L2_Δ:  4.9347083057743603e8  L2_Δ_86/L2_Δ_85: 2.4655962396252353

ℓ:     644934.4721290385  ℓ_87/ℓ_86:       0.9999160916516422
L2_Δ:  3.2762138279091495e8  L2_Δ_87/L2_Δ_86: 0.6639123581175974

ℓ:     644881.1581745585  ℓ_88/ℓ_87:       0.9999173343079274
L2_Δ:  1.6278984795753667e8  L2_Δ_88/L2_Δ_87: 0.49688407566922366

ℓ:     644828.6540837215  ℓ_89/ℓ_88:       0.9999185833076815
L2_Δ:  2.876474171020757e8  L2_Δ_89/L2_Δ_88: 1.7669862138891352

ℓ:     644776.9101874335  ℓ_90/ℓ_89:       0.9999197555878445
L2_Δ:  2.0406155487439662e8  L2_Δ_90/L2_Δ_89: 0.7094155648266521

ℓ:     644725.93217814  ℓ_91/ℓ_90:       0.9999209369807014
L2_Δ:  1.572904973942675e8  L2_Δ_91/L2_Δ_90: 0.7707992693238199

ℓ:     644675.6857464522  ℓ_92/ℓ_91:       0.9999220654402435
L2_Δ:  2.3219097498330462e8  L2_Δ_92/L2_Δ_91: 1.4761920067001255

ℓ:     644626.1047505643  ℓ_93/ℓ_92:       0.99992309156839
L2_Δ:  1.547969267092048e8  L2_Δ_93/L2_Δ_92: 0.6666793432446514

ℓ:     644577.2267858452  ℓ_94/ℓ_93:       0.999924176256036
L2_Δ:  1.6548299303464308e8  L2_Δ_94/L2_Δ_93: 1.0690328067398438

ℓ:     644529.0387805358  ℓ_95/ℓ_94:       0.9999252409124819
L2_Δ:  2.2929671391507658e8  L2_Δ_95/L2_Δ_94: 1.385621021896035

ℓ:     644481.4733118508  ℓ_96/ℓ_95:       0.9999262012014618
L2_Δ:  1.423521129178645e8  L2_Δ_96/L2_Δ_95: 0.6208205538025577

ℓ:     644434.53557607  ℓ_97/ℓ_96:       0.9999271697671314
L2_Δ:  1.7061870842749193e8  L2_Δ_97/L2_Δ_96: 1.1985681485875586

ℓ:     644388.215767444  ℓ_98/ℓ_97:       0.9999281233297272
L2_Δ:  2.4760656767665127e8  L2_Δ_98/L2_Δ_97: 1.451227535120376

ℓ:     644342.474507717  ℓ_99/ℓ_98:       0.9999290159897283
L2_Δ:  1.5242005733248898e8  L2_Δ_99/L2_Δ_98: 0.6155735639917835

ℓ:     644297.3124270182  ℓ_100/ℓ_99:       0.9999299098189464
L2_Δ:  1.401132079707626e8  L2_Δ_100/L2_Δ_99: 0.9192570218309246

ℓ:     644252.7166088604  ℓ_101/ℓ_100:       0.9999307837898783
L2_Δ:  2.1169905566927275e8  L2_Δ_101/L2_Δ_100: 1.5109143437315913

starting regularization searches
initial training χ²: 219669.11920295015
reg_star[:GP_μ] : 0.001 -> 0.1
reg_star[:GP_μ] χ²: 222463.25067751543 -> 222258.85106339763 (0.999)
overall χ² change: 219669.11920295015 -> 222258.85106339763 (1.012)
reg_tel[:GP_μ] : 0.001 -> 0.001
reg_tel[:GP_μ] χ²: 222258.85195594543 -> 222258.85195594543 (=1.0)
overall χ² change: 222258.85106339763 -> 222258.85195594543 (>1.0)
reg_star[:L2_μ] : 0.01 -> 10.0
reg_star[:L2_μ] χ²: 222258.8499516764 -> 222005.16574795527 (0.999)
overall χ² change: 222258.85195594543 -> 222005.16574795527 (0.999)
reg_tel[:L2_μ] : 0.001 -> 1.0
reg_tel[:L2_μ] χ²: 222005.1657444383 -> 222005.1622559814 (<1.0)
overall χ² change: 222005.16574795527 -> 222005.1622559814 (<1.0)
reg_star[:L1_μ] : 0.001 -> 0.01
reg_star[:L1_μ] χ²: 222005.15069353965 -> 222005.04668665893 (<1.0)
overall χ² change: 222005.1622559814 -> 222005.04668665893 (<1.0)
reg_tel[:L1_μ] : 0.001 -> 0.01
reg_tel[:L1_μ] χ²: 222005.04662996886 -> 222004.95701356704 (<1.0)
overall χ² change: 222005.04668665893 -> 222004.95701356704 (<1.0)
reg_star[:GP_M] : 0.001 -> 0.1
reg_star[:GP_M] χ²: 221572.4265873239 -> 220343.4102961209 (0.994)
overall χ² change: 222004.95701356704 -> 220343.4102961209 (0.993)
reg_tel[:GP_M] : 0.001 -> 0.001
reg_tel[:GP_M] χ²: 220357.36564278815 -> 220357.36564278815 (=1.0)
overall χ² change: 220343.4102961209 -> 220357.36564278815 (>1.0)
reg_star[:L1_M] : 0.001 -> 1.0
reg_star[:L1_M] χ²: 220357.36500899578 -> 220356.7365626015 (<1.0)
overall χ² change: 220357.36564278815 -> 220356.7365626015 (<1.0)
reg_tel[:L1_M] : 0.001 -> 0.001
reg_tel[:L1_M] χ²: 220356.73726001673 -> 220356.73726001673 (=1.0)
overall χ² change: 220356.7365626015 -> 220356.73726001673 (>1.0)
[fit_regularization] wall time: 623.646335237 s
ℓ:     6.395249811960616e6  ℓ_1/ℓ_0:       9.926616756267881
L2_Δ:  5.726876856531317e13  L2_Δ_1/L2_Δ_0: 270519.7167000188

ℓ:     5.287909065188958e6  ℓ_2/ℓ_1:       0.8268494930877178
L2_Δ:  4.082773172234934e13  L2_Δ_2/L2_Δ_1: 0.7129144339080147

ℓ:     4.251768973717726e6  ℓ_3/ℓ_2:       0.8040548582250994
L2_Δ:  2.650731875309703e13  L2_Δ_3/L2_Δ_2: 0.6492478919319137

ℓ:     3.5192500123336753e6  ℓ_4/ℓ_3:       0.827714307641805
L2_Δ:  1.7549011582299717e13  L2_Δ_4/L2_Δ_3: 0.6620440092700566

ℓ:     3.070918861946049e6  ℓ_5/ℓ_4:       0.8726060527622673
L2_Δ:  1.3098376849831219e13  L2_Δ_5/L2_Δ_4: 0.7463882959107796

ℓ:     2.8069658645625487e6  ℓ_6/ℓ_5:       0.9140475508310132
L2_Δ:  1.1201974848219133e13  L2_Δ_6/L2_Δ_5: 0.855218549339835

ℓ:     2.634914304722204e6  ℓ_7/ℓ_6:       0.9387055033292476
L2_Δ:  1.0281090259264676e13  L2_Δ_7/L2_Δ_6: 0.9177926569705825

ℓ:     2.495564418812371e6  ℓ_8/ℓ_7:       0.9471140728713283
L2_Δ:  9.511511514076531e12  L2_Δ_8/L2_Δ_7: 0.9251461930805783

ℓ:     2.3624518317801626e6  ℓ_9/ℓ_8:       0.9466603282092169
L2_Δ:  8.634147078517765e12  L2_Δ_9/L2_Δ_8: 0.9077576225124352

ℓ:     2.230789540705077e6  ℓ_10/ℓ_9:       0.9442687934187953
L2_Δ:  7.66200154567322e12  L2_Δ_10/L2_Δ_9: 0.8874068829261321

ℓ:     2.104114516134486e6  ℓ_11/ℓ_10:       0.9432151611529642
L2_Δ:  6.719038856127337e12  L2_Δ_11/L2_Δ_10: 0.8769299792064934

ℓ:     1.9854886348177684e6  ℓ_12/ℓ_11:       0.9436219462357743
L2_Δ:  5.902526484318109e12  L2_Δ_12/L2_Δ_11: 0.8784778017670459

ℓ:     1.875509756914345e6  ℓ_13/ℓ_12:       0.9446086590601324
L2_Δ:  5.212179357802958e12  L2_Δ_13/L2_Δ_12: 0.8830420958975326

ℓ:     1.7737390252134898e6  ℓ_14/ℓ_13:       0.9457370289193845
L2_Δ:  4.614795229342441e12  L2_Δ_14/L2_Δ_13: 0.8853868818681009

ℓ:     1.6798927052516052e6  ℓ_15/ℓ_14:       0.9470912470054105
L2_Δ:  4.0913268632317104e12  L2_Δ_15/L2_Δ_14: 0.886567368627249

ℓ:     1.5942272261957442e6  ℓ_16/ℓ_15:       0.9490053866011458
L2_Δ:  3.624962846048971e12  L2_Δ_16/L2_Δ_15: 0.8860115476536721

ℓ:     1.5173785682080186e6  ℓ_17/ℓ_16:       0.9517956683181812
L2_Δ:  3.2129038762529243e12  L2_Δ_17/L2_Δ_16: 0.8863273949841526

ℓ:     1.4497461160953133e6  ℓ_18/ℓ_17:       0.9554280958425706
L2_Δ:  2.865813192096656e12  L2_Δ_18/L2_Δ_17: 0.8919697888499963

ℓ:     1.3908332445006783e6  ℓ_19/ℓ_18:       0.9593633182109785
L2_Δ:  2.5799268029663384e12  L2_Δ_19/L2_Δ_18: 0.9002424896644571

ℓ:     1.3390860064089585e6  ℓ_20/ℓ_19:       0.9627940744900029
L2_Δ:  2.339591789983339e12  L2_Δ_20/L2_Δ_19: 0.9068442512761726

ℓ:     1.2924746469457517e6  ℓ_21/ℓ_20:       0.9651916611478863
L2_Δ:  2.1292984885875298e12  L2_Δ_21/L2_Δ_20: 0.910115387523519

ℓ:     1.2492558339482914e6  ℓ_22/ℓ_21:       0.9665611908909851
L2_Δ:  1.9305096789867222e12  L2_Δ_22/L2_Δ_21: 0.9066411728246357

ℓ:     1.208411002327141e6  ℓ_23/ℓ_22:       0.9673046700994304
L2_Δ:  1.7331690505473538e12  L2_Δ_23/L2_Δ_22: 0.8977779647585358

ℓ:     1.169690024836391e6  ℓ_24/ℓ_23:       0.9679571127570159
L2_Δ:  1.542286259951592e12  L2_Δ_24/L2_Δ_23: 0.8898648746725089

ℓ:     1.133388944999132e6  ℓ_25/ℓ_24:       0.9689652138032583
L2_Δ:  1.363115205675578e12  L2_Δ_25/L2_Δ_24: 0.8838276272514819

ℓ:     1.0999904895179402e6  ℓ_26/ℓ_25:       0.9705322205333339
L2_Δ:  1.1995693897819836e12  L2_Δ_26/L2_Δ_25: 0.8800205476304266

ℓ:     1.0697870985632457e6  ℓ_27/ℓ_26:       0.9725421344616072
L2_Δ:  1.0588149515248684e12  L2_Δ_27/L2_Δ_26: 0.8826625291908318

ℓ:     1.0426752118809738e6  ℓ_28/ℓ_27:       0.9746567455162958
L2_Δ:  9.409604593923804e11  L2_Δ_28/L2_Δ_27: 0.888692077909593

ℓ:     1.0182367154077275e6  ℓ_29/ℓ_28:       0.976561736392333
L2_Δ:  8.38278563773577e11  L2_Δ_29/L2_Δ_28: 0.8908754405205193

ℓ:     995981.2802984552  ℓ_30/ℓ_29:       0.9781431618281798
L2_Δ:  7.460814401145585e11  L2_Δ_30/L2_Δ_29: 0.8900161263291931

ℓ:     975535.8517236148  ℓ_31/ℓ_30:       0.9794720754503401
L2_Δ:  6.62524941013791e11  L2_Δ_31/L2_Δ_30: 0.8880061952915789

ℓ:     956703.3684696427  ℓ_32/ℓ_31:       0.980695242290995
L2_Δ:  5.862288120843246e11  L2_Δ_32/L2_Δ_31: 0.8848403671977713

ℓ:     939430.1912253448  ℓ_33/ℓ_32:       0.9819451066928631
L2_Δ:  5.1896211932980054e11  L2_Δ_33/L2_Δ_32: 0.8852552256594849

ℓ:     923726.9673960865  ℓ_34/ℓ_33:       0.9832843100254467
L2_Δ:  4.6265046585744836e11  L2_Δ_34/L2_Δ_33: 0.8914917845158442

ℓ:     909577.5849186099  ℓ_35/ℓ_34:       0.9846822892728112
L2_Δ:  4.165062096920089e11  L2_Δ_35/L2_Δ_34: 0.9002610835376152

ℓ:     896877.7186806088  ℓ_36/ℓ_35:       0.9860376218053597
L2_Δ:  3.792110015392678e11  L2_Δ_36/L2_Δ_35: 0.9104570177229302

ℓ:     885433.093287002  ℓ_37/ℓ_36:       0.9872394807505721
L2_Δ:  3.484328063621734e11  L2_Δ_37/L2_Δ_36: 0.9188362282418979

ℓ:     875007.8321627395  ℓ_38/ℓ_37:       0.9882258058759011
L2_Δ:  3.208733646905823e11  L2_Δ_38/L2_Δ_37: 0.920904572794604

ℓ:     865386.2644606241  ℓ_39/ℓ_38:       0.9890040210516357
L2_Δ:  2.9526245712384766e11  L2_Δ_39/L2_Δ_38: 0.9201837535146267

ℓ:     856417.0060332265  ℓ_40/ℓ_39:       0.9896355433455049
L2_Δ:  2.7149217079950983e11  L2_Δ_40/L2_Δ_39: 0.9194943828758853

ℓ:     848019.7424589464  ℓ_41/ℓ_40:       0.9901948892710868
L2_Δ:  2.4895890038704175e11  L2_Δ_41/L2_Δ_40: 0.917002135471861

ℓ:     840155.1117692046  ℓ_42/ℓ_41:       0.9907258872689246
L2_Δ:  2.27952206268373e11  L2_Δ_42/L2_Δ_41: 0.9156218392433012

ℓ:     832785.3298926866  ℓ_43/ℓ_42:       0.9912280699441336
L2_Δ:  2.0893658674445026e11  L2_Δ_43/L2_Δ_42: 0.9165806734876027

ℓ:     825857.4067241669  ℓ_44/ℓ_43:       0.9916810216032356
L2_Δ:  1.9112821236018326e11  L2_Δ_44/L2_Δ_43: 0.9147666061662605

ℓ:     819313.9353142702  ℓ_45/ℓ_44:       0.9920767539812327
L2_Δ:  1.73942715070728e11  L2_Δ_45/L2_Δ_44: 0.9100839322607748

ℓ:     813112.1501843433  ℓ_46/ℓ_45:       0.9924305142844324
L2_Δ:  1.5740464295209158e11  L2_Δ_46/L2_Δ_45: 0.9049223066806117

ℓ:     807233.0217036878  ℓ_47/ℓ_46:       0.9927695970607221
L2_Δ:  1.4132184657049954e11  L2_Δ_47/L2_Δ_46: 0.8978251461966908

ℓ:     801676.0306443208  ℓ_48/ℓ_47:       0.9931160013156561
L2_Δ:  1.2594780427649474e11  L2_Δ_48/L2_Δ_47: 0.891212557243686

ℓ:     796448.8677620292  ℓ_49/ℓ_48:       0.9934797066614423
L2_Δ:  1.1195478177442345e11  L2_Δ_49/L2_Δ_48: 0.8888982417561465

ℓ:     791559.2522489618  ℓ_50/ℓ_49:       0.9938607289042838
L2_Δ:  9.962382379856366e10  L2_Δ_50/L2_Δ_49: 0.8898576927182502

ℓ:     787011.5742189912  ℓ_51/ℓ_50:       0.9942547850750909
L2_Δ:  8.915522670769394e10  L2_Δ_51/L2_Δ_50: 0.8949187383929681

ℓ:     782804.1099003358  ℓ_52/ℓ_51:       0.9946538723743285
L2_Δ:  8.066181237610199e10  L2_Δ_52/L2_Δ_51: 0.9047345327331328

ℓ:     778923.7816044997  ℓ_53/ℓ_52:       0.9950430404659856
L2_Δ:  7.373932374963924e10  L2_Δ_53/L2_Δ_52: 0.9141788608197241

ℓ:     775341.6164885038  ℓ_54/ℓ_53:       0.9954011352579105
L2_Δ:  6.797581812223329e10  L2_Δ_54/L2_Δ_53: 0.9218394564211861

ℓ:     772014.9519117092  ℓ_55/ℓ_54:       0.9957094208461801
L2_Δ:  6.3159967692635056e10  L2_Δ_55/L2_Δ_54: 0.9291534760061522

ℓ:     768896.8699790481  ℓ_56/ℓ_55:       0.995961111990202
L2_Δ:  5.890974214040937e10  L2_Δ_56/L2_Δ_55: 0.9327069707681105

ℓ:     765946.767394733  ℓ_57/ℓ_56:       0.9961632012048697
L2_Δ:  5.49423261903694e10  L2_Δ_57/L2_Δ_56: 0.932652634252179

ℓ:     763135.9872184889  ℓ_58/ℓ_57:       0.9963303191606845
L2_Δ:  5.125030380355915e10  L2_Δ_58/L2_Δ_57: 0.9328018552760621

ℓ:     760446.9006676817  ℓ_59/ℓ_58:       0.9964762681935515
L2_Δ:  4.7781481327392815e10  L2_Δ_59/L2_Δ_58: 0.9323160602235213

ℓ:     757868.2303640217  ℓ_60/ℓ_59:       0.9966090067545862
L2_Δ:  4.4495090723711685e10  L2_Δ_60/L2_Δ_59: 0.9312204119172617

ℓ:     755391.3174328842  ℓ_61/ℓ_60:       0.9967317366899682
L2_Δ:  4.143298695876852e10  L2_Δ_61/L2_Δ_60: 0.9311810872809085

ℓ:     753009.5649358778  ℓ_62/ℓ_61:       0.9968469951374335
L2_Δ:  3.852195493540485e10  L2_Δ_62/L2_Δ_61: 0.9297411980878776

ℓ:     750719.4412852981  ℓ_63/ℓ_62:       0.996958705762556
L2_Δ:  3.568014151247793e10  L2_Δ_63/L2_Δ_62: 0.9262287329993458

ℓ:     748520.81515397  ℓ_64/ℓ_63:       0.9970713078542847
L2_Δ:  3.293872821846459e10  L2_Δ_64/L2_Δ_63: 0.923166972500526

ℓ:     746415.9127478371  ℓ_65/ℓ_64:       0.9971879173384111
L2_Δ:  3.0328377736159313e10  L2_Δ_65/L2_Δ_64: 0.920751327586413

ℓ:     744406.8522261931  ℓ_66/ℓ_65:       0.9973083900177745
L2_Δ:  2.7924713159464993e10  L2_Δ_66/L2_Δ_65: 0.9207453627224997

ℓ:     742492.9787259117  ℓ_67/ℓ_66:       0.9974289953208278
L2_Δ:  2.5850595245602276e10  L2_Δ_67/L2_Δ_66: 0.925724647482737

ℓ:     740669.8532598424  ℓ_68/ℓ_67:       0.9975445889479012
L2_Δ:  2.410619564558293e10  L2_Δ_68/L2_Δ_67: 0.9325199445720267

ℓ:     738930.5106457974  ℓ_69/ℓ_68:       0.9976516627396271
L2_Δ:  2.261609826531621e10  L2_Δ_69/L2_Δ_68: 0.9381861243402064

ℓ:     737266.8789101206  ℓ_70/ℓ_69:       0.9977485951497349
L2_Δ:  2.1336229682661045e10  L2_Δ_70/L2_Δ_69: 0.9434089572993252

ℓ:     735670.8923972517  ℓ_71/ℓ_70:       0.9978352662264874
L2_Δ:  2.0197325824660847e10  L2_Δ_71/L2_Δ_70: 0.946621128712083

ℓ:     734135.4203284592  ℓ_72/ℓ_71:       0.9979128274821517
L2_Δ:  1.912938263178534e10  L2_Δ_72/L2_Δ_71: 0.9471245251897876

ℓ:     732654.830969725  ℓ_73/ℓ_72:       0.9979832203736039
L2_Δ:  1.8119941953564793e10  L2_Δ_73/L2_Δ_72: 0.9472308804914978

ℓ:     731225.0932168224  ℓ_74/ℓ_73:       0.9980485520705428
L2_Δ:  1.7160571942834232e10  L2_Δ_74/L2_Δ_73: 0.9470544655612531

ℓ:     729843.4606347404  ℓ_75/ℓ_74:       0.9981105235653172
L2_Δ:  1.6246225927109356e10  L2_Δ_75/L2_Δ_74: 0.9467182085322814

ℓ:     728507.9209524391  ℓ_76/ℓ_75:       0.9981701011869862
L2_Δ:  1.540252320390431e10  L2_Δ_76/L2_Δ_75: 0.948067771124788

ℓ:     727216.6442546508  ℓ_77/ℓ_76:       0.9982275049307631
L2_Δ:  1.4640132113617716e10  L2_Δ_77/L2_Δ_76: 0.9505021949849529

ℓ:     725967.5906677039  ℓ_78/ℓ_77:       0.9982824188681392
L2_Δ:  1.3951747712560814e10  L2_Δ_78/L2_Δ_77: 0.9529796318971335

ℓ:     724758.3408197213  ℓ_79/ℓ_78:       0.9983342922417923
L2_Δ:  1.3335689940487835e10  L2_Δ_79/L2_Δ_78: 0.9558436846217955

ℓ:     723586.2475783181  ℓ_80/ℓ_79:       0.9983827806105997
L2_Δ:  1.2772674599412128e10  L2_Δ_80/L2_Δ_79: 0.9577813113840955

ℓ:     722448.8746152495  ℓ_81/ℓ_80:       0.9984281445827983
L2_Δ:  1.2241566891069353e10  L2_Δ_81/L2_Δ_80: 0.9584184421039569

ℓ:     721344.368730807  ℓ_82/ℓ_81:       0.998471163949102
L2_Δ:  1.1747775069859179e10  L2_Δ_82/L2_Δ_81: 0.9596626946857258

ℓ:     720271.4194457609  ℓ_83/ℓ_82:       0.9985125699574894
L2_Δ:  1.1295207994578152e10  L2_Δ_83/L2_Δ_82: 0.9614763584942854

ℓ:     719228.922323417  ℓ_84/ℓ_83:       0.9985526329461385
L2_Δ:  1.087739244715559e10  L2_Δ_84/L2_Δ_83: 0.9630094861800581

ℓ:     718215.5537557001  ℓ_85/ℓ_84:       0.9985910347369745
L2_Δ:  1.0493385170024992e10  L2_Δ_85/L2_Δ_84: 0.9646967525538701

ℓ:     717229.8493471332  ℓ_86/ℓ_85:       0.9986275646588096
L2_Δ:  1.013618163450764e10  L2_Δ_86/L2_Δ_85: 0.9659591704936434

ℓ:     716270.2988864089  ℓ_87/ℓ_86:       0.9986621437164143
L2_Δ:  9.794115218227661e9  L2_Δ_87/L2_Δ_86: 0.966252931467265

ℓ:     715335.4667182288  ℓ_88/ℓ_87:       0.9986948611862958
L2_Δ:  9.465622224041553e9  L2_Δ_88/L2_Δ_87: 0.9664601664502829

ℓ:     714424.0560792931  ℓ_89/ℓ_88:       0.9987258975944294
L2_Δ:  9.150619247200655e9  L2_Δ_89/L2_Δ_88: 0.9667213660776754

ℓ:     713535.0014584102  ℓ_90/ℓ_89:       0.9987555645511687
L2_Δ:  8.848322744403557e9  L2_Δ_90/L2_Δ_89: 0.9669643666039786

ℓ:     712667.4838697618  ℓ_91/ℓ_90:       0.9987841975700208
L2_Δ:  8.564267409664562e9  L2_Δ_91/L2_Δ_90: 0.9678972678840568

ℓ:     711820.8389519452  ℓ_92/ℓ_91:       0.9988120056871131
L2_Δ:  8.301242887527971e9  L2_Δ_92/L2_Δ_91: 0.9692881469534949

ℓ:     710994.4425809396  ℓ_93/ℓ_92:       0.9988390388061379
L2_Δ:  8.05787154659358e9  L2_Δ_93/L2_Δ_92: 0.9706825418516498

ℓ:     710187.6385468347  ℓ_94/ℓ_93:       0.9988652456534313
L2_Δ:  7.834837938198011e9  L2_Δ_94/L2_Δ_93: 0.9723210270719871

ℓ:     709399.7012169163  ℓ_95/ℓ_94:       0.9988905223251553
L2_Δ:  7.6295979823679495e9  L2_Δ_95/L2_Δ_94: 0.9738041861938925

ℓ:     708629.824970661  ℓ_96/ℓ_95:       0.9989147496891602
L2_Δ:  7.436681999670593e9  L2_Δ_96/L2_Δ_95: 0.974714790590122

ℓ:     707877.1475722097  ℓ_97/ℓ_96:       0.9989378412085853
L2_Δ:  7.254309916628682e9  L2_Δ_97/L2_Δ_96: 0.9754766866392849

ℓ:     707140.8157833457  ℓ_98/ℓ_97:       0.9989598028536599
L2_Δ:  7.080556321387746e9  L2_Δ_98/L2_Δ_97: 0.9760482255048616

ℓ:     706420.0896288299  ℓ_99/ℓ_98:       0.9989807883544136
L2_Δ:  6.9120788946898775e9  L2_Δ_99/L2_Δ_98: 0.9762056229693478

ℓ:     705714.4235064366  ℓ_100/ℓ_99:       0.9990010673071826
L2_Δ:  6.748954700772128e9  L2_Δ_100/L2_Δ_99: 0.9764001255768264

ℓ:     705023.4458613464  ℓ_101/ℓ_100:       0.9990208820706016
L2_Δ:  6.592611684347404e9  L2_Δ_101/L2_Δ_100: 0.9768344842488218

ℓ:     704346.852590903  ℓ_102/ℓ_101:       0.9990403251488796
L2_Δ:  6.444045375111927e9  L2_Δ_102/L2_Δ_101: 0.977464726219472

ℓ:     703684.302422725  ℓ_103/ℓ_102:       0.999059341053714
L2_Δ:  6.305206996415025e9  L2_Δ_103/L2_Δ_102: 0.9784547794723605

ℓ:     703035.3638388898  ℓ_104/ℓ_103:       0.9990777986923951
L2_Δ:  6.176417337705674e9  L2_Δ_104/L2_Δ_103: 0.9795740792042867

ℓ:     702399.5249988408  ℓ_105/ℓ_104:       0.9990955805742445
L2_Δ:  6.055822729119519e9  L2_Δ_105/L2_Δ_104: 0.9804749902747097

ℓ:     701776.2404078096  ℓ_106/ℓ_105:       0.99911263523273
L2_Δ:  5.9417885869364195e9  L2_Δ_106/L2_Δ_105: 0.981169504577014

ℓ:     701164.983776225  ℓ_107/ℓ_106:       0.9991289864256029
L2_Δ:  5.832382233545265e9  L2_Δ_107/L2_Δ_106: 0.9815869663165575

ℓ:     700565.2822550072  ℓ_108/ℓ_107:       0.9991447069732603
L2_Δ:  5.725710879431307e9  L2_Δ_108/L2_Δ_107: 0.9817105001279868

ℓ:     699976.7277018047  ℓ_109/ℓ_108:       0.9991598862117346
L2_Δ:  5.621667867377828e9  L2_Δ_109/L2_Δ_108: 0.9818288044499004

ℓ:     699398.9630284332  ℓ_110/ℓ_109:       0.9991745944536349
L2_Δ:  5.520387496672581e9  L2_Δ_110/L2_Δ_109: 0.9819839284186512

ℓ:     698831.6646891262  ℓ_111/ℓ_110:       0.9991888773514183
L2_Δ:  5.4213392679248495e9  L2_Δ_111/L2_Δ_110: 0.9820577398221714

ℓ:     698274.5389663068  ℓ_112/ℓ_111:       0.9992027755023563
L2_Δ:  5.324461127742462e9  L2_Δ_112/L2_Δ_111: 0.9821302199706329

ℓ:     697727.3187649191  ℓ_113/ℓ_112:       0.9992163251402553
L2_Δ:  5.229661506471605e9  L2_Δ_113/L2_Δ_112: 0.9821954524605476

ℓ:     697189.7655092916  ℓ_114/ℓ_113:       0.9992295654173624
L2_Δ:  5.136775245874256e9  L2_Δ_114/L2_Δ_113: 0.9822385711804857

ℓ:     696661.6525457883  ℓ_115/ℓ_114:       0.999242511881801
L2_Δ:  5.046317977731946e9  L2_Δ_115/L2_Δ_114: 0.9823902616305895

ℓ:     696142.7436020928  ℓ_116/ℓ_115:       0.9992551492653582
L2_Δ:  4.958777866847582e9  L2_Δ_116/L2_Δ_115: 0.9826526764126527

ℓ:     695632.7828972389  ℓ_117/ℓ_116:       0.9992674480779398
L2_Δ:  4.874085257733812e9  L2_Δ_117/L2_Δ_116: 0.9829206688849705

ℓ:     695131.508437981  ℓ_118/ℓ_117:       0.9992793978783316
L2_Δ:  4.792117610288575e9  L2_Δ_118/L2_Δ_117: 0.9831829680625349

ℓ:     694638.6640104612  ℓ_119/ℓ_118:       0.9992910054838008
L2_Δ:  4.7126319181326685e9  L2_Δ_119/L2_Δ_118: 0.9834132426163221

ℓ:     694154.0066410466  ℓ_120/ℓ_119:       0.9993022885213206
L2_Δ:  4.63532179751052e9  L2_Δ_120/L2_Δ_119: 0.9835951285894652

ℓ:     693677.3114583238  ℓ_121/ℓ_120:       0.9993132717262132
L2_Δ:  4.56040923511924e9  L2_Δ_121/L2_Δ_120: 0.9838387569053969

ℓ:     693208.3643474388  ℓ_122/ℓ_121:       0.9993239693685538
L2_Δ:  4.48810669965531e9  L2_Δ_122/L2_Δ_121: 0.9841456036648782

ℓ:     692746.9582413144  ℓ_123/ℓ_122:       0.9993343904519116
L2_Δ:  4.418354363221006e9  L2_Δ_123/L2_Δ_122: 0.984458405046462

ℓ:     692292.8884402874  ℓ_124/ℓ_123:       0.9993445372864866
L2_Δ:  4.351012334813705e9  L2_Δ_124/L2_Δ_123: 0.9847585723390896

ℓ:     691845.9585486803  ℓ_125/ℓ_124:       0.9993544207963568
L2_Δ:  4.2857226394776464e9  L2_Δ_125/L2_Δ_124: 0.9849943667560633

ℓ:     691405.9836170791  ℓ_126/ℓ_125:       0.9993640565126316
L2_Δ:  4.222108375680457e9  L2_Δ_126/L2_Δ_125: 0.9851567007133848

ℓ:     690972.7933468485  ℓ_127/ℓ_126:       0.9993734646785027
L2_Δ:  4.1601078710592604e9  L2_Δ_127/L2_Δ_126: 0.9853152740042576

ℓ:     690546.2261153432  ℓ_128/ℓ_127:       0.9993826569792436
L2_Δ:  4.09986577091298e9  L2_Δ_128/L2_Δ_127: 0.9855191014239395

ℓ:     690126.1228293504  ℓ_129/ℓ_128:       0.9993916362582184
L2_Δ:  4.041368309653956e9  L2_Δ_129/L2_Δ_128: 0.9857318594003633

ℓ:     689712.3249353456  ℓ_130/ℓ_129:       0.9994004025056922
L2_Δ:  3.984576689743459e9  L2_Δ_130/L2_Δ_129: 0.9859474278118048

ℓ:     689304.6752548993  ℓ_131/ℓ_130:       0.9994089569437744
L2_Δ:  3.929313159939456e9  L2_Δ_131/L2_Δ_130: 0.9861306396872082

ℓ:     688903.01852024  ℓ_132/ℓ_131:       0.9994173015952477
L2_Δ:  3.875401491063191e9  L2_Δ_132/L2_Δ_131: 0.9862796202079511

ℓ:     688507.20577076  ℓ_133/ℓ_132:       0.9994254448901527
L2_Δ:  3.822760070053934e9  L2_Δ_133/L2_Δ_132: 0.9864165245509015

ℓ:     688117.0963763166  ℓ_134/ℓ_133:       0.999433398240173
L2_Δ:  3.7713503200418468e9  L2_Δ_134/L2_Δ_133: 0.9865516671017854

ℓ:     687732.5590700144  ℓ_135/ℓ_134:       0.9994411746077416
L2_Δ:  3.7211443187927694e9  L2_Δ_135/L2_Δ_134: 0.986687526485601

ℓ:     687353.4699367099  ℓ_136/ℓ_135:       0.9994487840828459
L2_Δ:  3.67215483940946e9  L2_Δ_136/L2_Δ_135: 0.9868348348824044

ℓ:     686979.7091838267  ℓ_137/ℓ_136:       0.9994562321000321
L2_Δ:  3.624386014004706e9  L2_Δ_137/L2_Δ_136: 0.9869916091521794

ℓ:     686611.1601710622  ℓ_138/ℓ_137:       0.9994635227098595
L2_Δ:  3.577808578515848e9  L2_Δ_138/L2_Δ_137: 0.9871488756139988

ℓ:     686247.7081101312  ℓ_139/ℓ_138:       0.9994706580929438
L2_Δ:  3.5324307974819007e9  L2_Δ_139/L2_Δ_138: 0.9873168784639755

ℓ:     685889.2385153936  ℓ_140/ℓ_139:       0.999477638190261
L2_Δ:  3.4882183711498127e9  L2_Δ_140/L2_Δ_139: 0.9874838520931238

ℓ:     685535.6384742709  ℓ_141/ℓ_140:       0.9994844648067551
L2_Δ:  3.4450643918156495e9  L2_Δ_141/L2_Δ_140: 0.987628647423258

ℓ:     685186.7988041977  ℓ_142/ℓ_141:       0.9994911429100176
L2_Δ:  3.402840828188573e9  L2_Δ_142/L2_Δ_141: 0.9877437519811281

ℓ:     684842.6152609424  ℓ_143/ℓ_142:       0.9994976792549769
L2_Δ:  3.3614478189817452e9  L2_Δ_143/L2_Δ_142: 0.9878357492175553

ℓ:     684502.9849307819  ℓ_144/ℓ_143:       0.9995040753560128
L2_Δ:  3.3208114973320227e9  L2_Δ_144/L2_Δ_143: 0.9879110657555791

ℓ:     684167.8092683582  ℓ_145/ℓ_144:       0.9995103371792343
L2_Δ:  3.280907973344112e9  L2_Δ_145/L2_Δ_144: 0.9879838033504854

ℓ:     683836.9928563503  ℓ_146/ℓ_145:       0.9995164689020349
L2_Δ:  3.2417141046789603e9  L2_Δ_146/L2_Δ_145: 0.9880539567145485

ℓ:     683510.4439329763  ℓ_147/ℓ_146:       0.9995224754922808
L2_Δ:  3.203203063259088e9  L2_Δ_147/L2_Δ_146: 0.9881201610702538

ℓ:     683188.0729744204  ℓ_148/ℓ_147:       0.9995283598642605
L2_Δ:  3.165356083014534e9  L2_Δ_148/L2_Δ_147: 0.9881846453387045

ℓ:     682869.7919932574  ℓ_149/ℓ_148:       0.9995341239202592
L2_Δ:  3.128123342530668e9  L2_Δ_149/L2_Δ_148: 0.9882374243189703

ℓ:     682555.5162008839  ℓ_150/ℓ_149:       0.9995397720091613
L2_Δ:  3.0914714328227587e9  L2_Δ_150/L2_Δ_149: 0.9882830995793608

ℓ:     682245.1645425521  ℓ_151/ℓ_150:       0.9995453092811274
L2_Δ:  3.0554192135316114e9  L2_Δ_151/L2_Δ_150: 0.9883381683853282

ℓ:     681938.6581168749  ℓ_152/ℓ_151:       0.9995507385884036
L2_Δ:  3.0199947451790924e9  L2_Δ_152/L2_Δ_151: 0.9884060202948146

ℓ:     681635.9198668939  ℓ_153/ℓ_152:       0.9995560623431777
L2_Δ:  2.9852096829338226e9  L2_Δ_153/L2_Δ_152: 0.9884817474266145

ℓ:     681336.8745512661  ℓ_154/ℓ_153:       0.9995612829269822
L2_Δ:  2.9510628633775e9  L2_Δ_154/L2_Δ_153: 0.9885613329771986

ℓ:     681041.4484896219  ℓ_155/ℓ_154:       0.9995664023588349
L2_Δ:  2.9175285060430183e9  L2_Δ_155/L2_Δ_154: 0.9886365154227512

ℓ:     680749.5700993729  ℓ_156/ℓ_155:       0.9995714234560961
L2_Δ:  2.8845804731325884e9  L2_Δ_156/L2_Δ_155: 0.9887068685559762

ℓ:     680461.1704851097  ℓ_157/ℓ_156:       0.9995763499134915
L2_Δ:  2.852208844872736e9  L2_Δ_157/L2_Δ_156: 0.9887776997170415

ℓ:     680176.1815899337  ℓ_158/ℓ_157:       0.999581182722046
L2_Δ:  2.820422003126433e9  L2_Δ_158/L2_Δ_157: 0.9888553596615323

ℓ:     679894.5377508891  ℓ_159/ℓ_158:       0.9995859251666439
L2_Δ:  2.7892026975134487e9  L2_Δ_159/L2_Δ_158: 0.9889309806906988

ℓ:     679616.1743858196  ℓ_160/ℓ_159:       0.9995905786123973
L2_Δ:  2.758527458889838e9  L2_Δ_160/L2_Δ_159: 0.989002147943225

ℓ:     679341.0295375682  ℓ_161/ℓ_160:       0.9995951467039466
L2_Δ:  2.728365392150127e9  L2_Δ_161/L2_Δ_160: 0.9890658812757115

ℓ:     679069.0426952568  ℓ_162/ℓ_161:       0.9995996313626212
L2_Δ:  2.6987057835105987e9  L2_Δ_162/L2_Δ_161: 0.9891291654978241

ℓ:     678800.1549352148  ℓ_163/ℓ_162:       0.9996040347252839
L2_Δ:  2.6695419394275155e9  L2_Δ_163/L2_Δ_162: 0.9891933962341217

ℓ:     678534.3083130084  ℓ_164/ℓ_163:       0.9996083580413564
L2_Δ:  2.6408846629364967e9  L2_Δ_164/L2_Δ_163: 0.9892650959822852

ℓ:     678271.4471060453  ℓ_165/ℓ_164:       0.9996126043978283
L2_Δ:  2.612718384791812e9  L2_Δ_165/L2_Δ_164: 0.9893345292431796

ℓ:     678011.5163611638  ℓ_166/ℓ_165:       0.9996167747500052
L2_Δ:  2.585029538390113e9  L2_Δ_166/L2_Δ_165: 0.989402284393576

ℓ:     677754.4629228675  ℓ_167/ℓ_166:       0.9996208715750495
L2_Δ:  2.55779932306918e9  L2_Δ_167/L2_Δ_166: 0.9894661879423277

ℓ:     677500.234742033  ℓ_168/ℓ_167:       0.9996248963382134
L2_Δ:  2.5310218909512544e9  L2_Δ_168/L2_Δ_167: 0.9895310660705803

ℓ:     677248.7810241546  ℓ_169/ℓ_168:       0.9996288507295145
L2_Δ:  2.504693921678692e9  L2_Δ_169/L2_Δ_168: 0.9895978895454486

ℓ:     677000.052423487  ℓ_170/ℓ_169:       0.9996327367318527
L2_Δ:  2.478816724372929e9  L2_Δ_170/L2_Δ_169: 0.9896685191424829

ℓ:     676754.0005127387  ℓ_171/ℓ_170:       0.9996365555514103
L2_Δ:  2.453378754698935e9  L2_Δ_171/L2_Δ_170: 0.9897378578158379

ℓ:     676510.5777824523  ℓ_172/ℓ_171:       0.9996403083984698
L2_Δ:  2.42836454299207e9  L2_Δ_172/L2_Δ_171: 0.9898041785602996

ℓ:     676269.7381280767  ℓ_173/ℓ_172:       0.9996439972081957
L2_Δ:  2.40375797429704e9  L2_Δ_173/L2_Δ_172: 0.9898670202684183

ℓ:     676031.4373230122  ℓ_174/ℓ_173:       0.9996476246213174
L2_Δ:  2.3795411835891156e9  L2_Δ_174/L2_Δ_173: 0.9899254455037195

ℓ:     675795.6318281812  ℓ_175/ℓ_174:       0.9996511915248133
L2_Δ:  2.355722033234528e9  L2_Δ_175/L2_Δ_174: 0.9899900239092897

ℓ:     675562.2784364308  ℓ_176/ℓ_175:       0.9996546982833863
L2_Δ:  2.332292152190551e9  L2_Δ_176/L2_Δ_175: 0.990054055311523

ℓ:     675331.3362388732  ℓ_177/ℓ_176:       0.999658148175336
L2_Δ:  2.30923536727678e9  L2_Δ_177/L2_Δ_176: 0.9901141094643245

ℓ:     675102.7644138383  ℓ_178/ℓ_177:       0.9996615412127803
L2_Δ:  2.286550990342781e9  L2_Δ_178/L2_Δ_177: 0.9901766717869257

ℓ:     674876.5229004057  ℓ_179/ℓ_178:       0.9996648784076169
L2_Δ:  2.2642194510016284e9  L2_Δ_179/L2_Δ_178: 0.9902335266366377

ℓ:     674652.5730757475  ℓ_180/ℓ_179:       0.9996681617791419
L2_Δ:  2.2422345294542203e9  L2_Δ_180/L2_Δ_179: 0.9902902867751258

ℓ:     674430.8770661586  ℓ_181/ℓ_180:       0.9996713923307545
L2_Δ:  2.220587815948565e9  L2_Δ_181/L2_Δ_180: 0.9903459191171566

ℓ:     674211.3977940652  ℓ_182/ℓ_181:       0.9996745711390793
L2_Δ:  2.199281918312313e9  L2_Δ_182/L2_Δ_181: 0.9904052893187876

ℓ:     673994.0989228805  ℓ_183/ℓ_182:       0.9996776992025117
L2_Δ:  2.178319725698455e9  L2_Δ_183/L2_Δ_182: 0.9904686195801836

ℓ:     673778.9452497736  ℓ_184/ℓ_183:       0.999680778105549
L2_Δ:  2.1576781334743586e9  L2_Δ_184/L2_Δ_183: 0.9905240759744405

ℓ:     673565.9022770445  ℓ_185/ℓ_184:       0.9996838088007483
L2_Δ:  2.137355464165081e9  L2_Δ_185/L2_Δ_184: 0.9905812322079043

ℓ:     673354.9357628525  ℓ_186/ℓ_185:       0.9996867915767725
L2_Δ:  2.117334892125244e9  L2_Δ_186/L2_Δ_185: 0.9906330171206885

ℓ:     673146.012569322  ℓ_187/ℓ_186:       0.9996897279838102
L2_Δ:  2.0976245735791833e9  L2_Δ_187/L2_Δ_186: 0.9906909773133353

ℓ:     672939.1001327833  ℓ_188/ℓ_187:       0.9996926187889772
L2_Δ:  2.0782089557675042e9  L2_Δ_188/L2_Δ_187: 0.9907439977314195

ℓ:     672734.1671807012  ℓ_189/ℓ_188:       0.9996954658273807
L2_Δ:  2.0590791266675072e9  L2_Δ_189/L2_Δ_188: 0.9907950405819841

ℓ:     672531.1827272531  ℓ_190/ℓ_189:       0.9996982694452717
L2_Δ:  2.0402388800257945e9  L2_Δ_190/L2_Δ_189: 0.990850158987234

ℓ:     672330.11670943  ℓ_191/ℓ_190:       0.9997010309365765
L2_Δ:  2.02167162489014e9  L2_Δ_191/L2_Δ_190: 0.9908994699996013

ℓ:     672130.939066877  ℓ_192/ℓ_191:       0.9997037502298308
L2_Δ:  2.003379268350615e9  L2_Δ_192/L2_Δ_191: 0.9909518656173852

ℓ:     671933.6207161793  ℓ_193/ℓ_192:       0.9997064287042466
L2_Δ:  1.9853533112193685e9  L2_Δ_193/L2_Δ_192: 0.99100222438356

ℓ:     671738.1332118008  ℓ_194/ℓ_193:       0.9997090672376684
L2_Δ:  1.967591664338334e9  L2_Δ_194/L2_Δ_193: 0.9910536594264295

ℓ:     671544.4487520144  ℓ_195/ℓ_194:       0.9997116667192015
L2_Δ:  1.950072064880551e9  L2_Δ_195/L2_Δ_194: 0.991095917016057

ℓ:     671352.5402518935  ℓ_196/ℓ_195:       0.9997142281490412
L2_Δ:  1.9328165492692652e9  L2_Δ_196/L2_Δ_195: 0.9911513446492333

ℓ:     671162.3808547045  ℓ_197/ℓ_196:       0.9997167518020896
L2_Δ:  1.9158057157140343e9  L2_Δ_197/L2_Δ_196: 0.9911989404469544

ℓ:     670973.9444849244  ℓ_198/ℓ_197:       0.9997192387786393
L2_Δ:  1.8990327684698408e9  L2_Δ_198/L2_Δ_197: 0.9912449643997736

ℓ:     670787.2056561476  ℓ_199/ℓ_198:       0.9997216898952459
L2_Δ:  1.8824952124589465e9  L2_Δ_199/L2_Δ_198: 0.991291589968603

ℓ:     670602.1396691696  ℓ_200/ℓ_199:       0.9997241062658657
L2_Δ:  1.8661862412221072e9  L2_Δ_200/L2_Δ_199: 0.9913365138307384

ℓ:     670418.7219320834  ℓ_201/ℓ_200:       0.9997264879930495
L2_Δ:  1.850104177510462e9  L2_Δ_201/L2_Δ_200: 0.991382390805157

ℓ:     670236.9287064524  ℓ_202/ℓ_201:       0.9997288362933734
L2_Δ:  1.8342389391854486e9  L2_Δ_202/L2_Δ_201: 0.9914246783949421

ℓ:     670056.7363181744  ℓ_203/ℓ_202:       0.999731151208535
L2_Δ:  1.8185922577275221e9  L2_Δ_203/L2_Δ_202: 0.9914696601823997

ℓ:     669878.1217134668  ℓ_204/ℓ_203:       0.9997334336108774
L2_Δ:  1.8031592885259664e9  L2_Δ_204/L2_Δ_203: 0.9915137826327048

ℓ:     669701.0630367214  ℓ_205/ℓ_204:       0.9997356852373496
L2_Δ:  1.7879308290827992e9  L2_Δ_205/L2_Δ_204: 0.9915545678409721

ℓ:     669525.5380018713  ℓ_206/ℓ_205:       0.9997379053960969
L2_Δ:  1.772916511894269e9  L2_Δ_206/L2_Δ_205: 0.9916024060079368

ℓ:     669351.5245403646  ℓ_207/ℓ_206:       0.9997400943629036
L2_Δ:  1.758109270488995e9  L2_Δ_207/L2_Δ_206: 0.991648088725028

ℓ:     669179.002212024  ℓ_208/ℓ_207:       0.9997422545224511
L2_Δ:  1.74349165783634e9  L2_Δ_208/L2_Δ_207: 0.9916856062942041

ℓ:     669007.9499700011  ℓ_209/ℓ_208:       0.9997443849232307
L2_Δ:  1.7290798265727847e9  L2_Δ_209/L2_Δ_208: 0.9917339258844288

ℓ:     668838.3469179395  ℓ_210/ℓ_209:       0.9997464857449463
L2_Δ:  1.714862201257994e9  L2_Δ_210/L2_Δ_209: 0.9917773459060178

ℓ:     668670.1729431452  ℓ_211/ℓ_210:       0.999748558114873
L2_Δ:  1.7008340351263585e9  L2_Δ_211/L2_Δ_210: 0.9918196540098997

ℓ:     668503.4085566397  ℓ_212/ℓ_211:       0.999750602923155
L2_Δ:  1.6869904484789927e9  L2_Δ_212/L2_Δ_211: 0.991860706946438

ℓ:     668338.0347065681  ℓ_213/ℓ_212:       0.9997526207825498
L2_Δ:  1.6733285346267188e9  L2_Δ_213/L2_Δ_212: 0.9919016056880514

ℓ:     668174.0323449291  ℓ_214/ℓ_213:       0.9997546116588875
L2_Δ:  1.659844356010692e9  L2_Δ_214/L2_Δ_213: 0.9919417028174716

ℓ:     668011.3831954605  ℓ_215/ℓ_214:       0.9997565766677616
L2_Δ:  1.64653086340815e9  L2_Δ_215/L2_Δ_214: 0.9919790716796243

ℓ:     667850.0692538935  ℓ_216/ℓ_215:       0.9997585161785785
L2_Δ:  1.6333869057153535e9  L2_Δ_216/L2_Δ_215: 0.9920171811018532

ℓ:     667690.0723708188  ℓ_217/ℓ_216:       0.9997604299371363
L2_Δ:  1.6204152174843943e9  L2_Δ_217/L2_Δ_216: 0.9920584105421868

ℓ:     667531.3749962372  ℓ_218/ℓ_217:       0.9997623188045643
L2_Δ:  1.607608964683015e9  L2_Δ_218/L2_Δ_217: 0.9920969312906971

ℓ:     667373.9600920869  ℓ_219/ℓ_218:       0.9997641835124961
L2_Δ:  1.59495496558887e9  L2_Δ_219/L2_Δ_218: 0.9921286834223146

ℓ:     667217.8114012795  ℓ_220/ℓ_219:       0.9997660251970487
L2_Δ:  1.582465640933346e9  L2_Δ_220/L2_Δ_219: 0.9921694813176667

ℓ:     667062.91189182  ℓ_221/ℓ_220:       0.9997678426642506
L2_Δ:  1.5701323426301174e9  L2_Δ_221/L2_Δ_220: 0.9922062773533874

ℓ:     666909.2453672526  ℓ_222/ℓ_221:       0.9997696371334278
L2_Δ:  1.5579440718911872e9  L2_Δ_222/L2_Δ_221: 0.9922374245737059

ℓ:     666756.7964994687  ℓ_223/ℓ_222:       0.9997714098749674
L2_Δ:  1.5459160285327213e9  L2_Δ_223/L2_Δ_222: 0.9922795409825815

ℓ:     666605.5492703717  ℓ_224/ℓ_223:       0.9997731598239551
L2_Δ:  1.5340297776498866e9  L2_Δ_224/L2_Δ_223: 0.9923111924170187

ℓ:     666455.4885637349  ℓ_225/ℓ_224:       0.9997748883026837
L2_Δ:  1.522292244268079e9  L2_Δ_225/L2_Δ_224: 0.9923485622294834

ℓ:     666306.6019212485  ℓ_226/ℓ_225:       0.9997765992702569
L2_Δ:  1.5106923477142835e9  L2_Δ_226/L2_Δ_225: 0.9923799805211694

ℓ:     666158.872114081  ℓ_227/ℓ_226:       0.999778285541909
L2_Δ:  1.4992382808328338e9  L2_Δ_227/L2_Δ_226: 0.9924180016541555

ℓ:     666012.2838916891  ℓ_228/ℓ_227:       0.9997799500561679
L2_Δ:  1.487918688975484e9  L2_Δ_228/L2_Δ_227: 0.992449771325835

ℓ:     665866.822938605  ℓ_229/ℓ_228:       0.9997815941888726
L2_Δ:  1.4767369068782227e9  L2_Δ_229/L2_Δ_228: 0.9924849508376291

ℓ:     665722.4755380679  ℓ_230/ℓ_229:       0.9997832188125847
L2_Δ:  1.4656896389896197e9  L2_Δ_230/L2_Δ_229: 0.992519136051149

ℓ:     665579.2277859551  ℓ_231/ℓ_230:       0.9997848236203877
L2_Δ:  1.4547718099946601e9  L2_Δ_231/L2_Δ_230: 0.9925510635372398

ℓ:     665437.066340647  ℓ_232/ℓ_231:       0.9997864094320057
L2_Δ:  1.4439839935874164e9  L2_Δ_232/L2_Δ_231: 0.9925845302107666

ℓ:     665295.9778104492  ℓ_233/ℓ_232:       0.9997879761478066
L2_Δ:  1.4333248712143068e9  L2_Δ_233/L2_Δ_232: 0.9926182544817355

ℓ:     665155.9489682732  ℓ_234/ℓ_233:       0.9997895239910561
L2_Δ:  1.4227912736823313e9  L2_Δ_234/L2_Δ_233: 0.9926509350786249

ℓ:     665016.966765523  ℓ_235/ℓ_234:       0.999791053206446
L2_Δ:  1.4123787938946674e9  L2_Δ_235/L2_Δ_234: 0.9926816533245137

ℓ:     664879.0186741014  ℓ_236/ℓ_235:       0.9997925645535144
L2_Δ:  1.4020870152454293e9  L2_Δ_236/L2_Δ_235: 0.9927131597460067

ℓ:     664742.0923027038  ℓ_237/ℓ_236:       0.9997940582157777
L2_Δ:  1.391915491767086e9  L2_Δ_237/L2_Δ_236: 0.9927454406411697

ℓ:     664606.1753907944  ℓ_238/ℓ_237:       0.9997955343681659
L2_Δ:  1.381860271538269e9  L2_Δ_238/L2_Δ_237: 0.9927759836798342

ℓ:     664471.2559291067  ℓ_239/ℓ_238:       0.9997969933673753
L2_Δ:  1.3719191251268413e9  L2_Δ_239/L2_Δ_238: 0.992805968435317

ℓ:     664337.3222138701  ℓ_240/ℓ_239:       0.9997984356523454
L2_Δ:  1.3620893587349894e9  L2_Δ_240/L2_Δ_239: 0.992835024884617

ℓ:     664204.3631691956  ℓ_241/ℓ_240:       0.9997998621479952
L2_Δ:  1.3523679750197253e9  L2_Δ_241/L2_Δ_240: 0.9928628884346526

ℓ:     664072.3670503837  ℓ_242/ℓ_241:       0.9998012718281734
L2_Δ:  1.342758405310335e9  L2_Δ_242/L2_Δ_241: 0.9928942640709528

ℓ:     663941.3223379517  ℓ_243/ℓ_242:       0.9998026650122275
L2_Δ:  1.333257305549981e9  L2_Δ_243/L2_Δ_242: 0.9929241926747366

ℓ:     663811.2182704103  ℓ_244/ℓ_243:       0.9998040428225143
L2_Δ:  1.3238560830093448e9  L2_Δ_244/L2_Δ_243: 0.9929486810224091

ℓ:     663682.044180442  ℓ_245/ℓ_244:       0.9998054053827158
L2_Δ:  1.3145592190260367e9  L2_Δ_245/L2_Δ_244: 0.9929774360652748

ℓ:     663553.7893464796  ℓ_246/ℓ_245:       0.9998067525932228
L2_Δ:  1.305369859982781e9  L2_Δ_246/L2_Δ_245: 0.9930095511025633

ℓ:     663426.4431105774  ℓ_247/ℓ_246:       0.9998080845321861
L2_Δ:  1.296279186860783e9  L2_Δ_247/L2_Δ_246: 0.9930359406933773

ℓ:     663299.9951543784  ℓ_248/ℓ_247:       0.9998094016940202
L2_Δ:  1.2872868617316625e9  L2_Δ_248/L2_Δ_247: 0.9930629719120173

ℓ:     663174.4353538845  ℓ_249/ℓ_248:       0.9998107043548754
L2_Δ:  1.2783935053825114e9  L2_Δ_249/L2_Δ_248: 0.9930913950778711

ℓ:     663049.7538731827  ℓ_250/ℓ_249:       0.9998119929326962
L2_Δ:  1.2695926526449769e9  L2_Δ_250/L2_Δ_249: 0.9931156934852378

ℓ:     662925.9408634048  ℓ_251/ℓ_250:       0.9998132673919948
L2_Δ:  1.260888872738426e9  L2_Δ_251/L2_Δ_250: 0.9931444310988898

ℓ:     662802.9871127156  ℓ_252/ℓ_251:       0.9998145286779259
L2_Δ:  1.2522793698901908e9  L2_Δ_252/L2_Δ_251: 0.993171878161208

ℓ:     662680.8828368991  ℓ_253/ℓ_252:       0.9998157759120121
L2_Δ:  1.243759510301637e9  L2_Δ_253/L2_Δ_252: 0.9931965184499518

ℓ:     662559.6186599754  ℓ_254/ℓ_253:       0.9998170096949158
L2_Δ:  1.235327613282706e9  L2_Δ_254/L2_Δ_253: 0.9932206371496319

ℓ:     662439.1854068432  ℓ_255/ℓ_254:       0.9998182303150686
L2_Δ:  1.2269875642375956e9  L2_Δ_255/L2_Δ_254: 0.9932487147899592

ℓ:     662319.5737436012  ℓ_256/ℓ_255:       0.9998194375183761
L2_Δ:  1.2187358455645437e9  L2_Δ_256/L2_Δ_255: 0.9932748147466521

ℓ:     662200.7746895246  ℓ_257/ℓ_256:       0.9998206318236902
L2_Δ:  1.2105672402801135e9  L2_Δ_257/L2_Δ_256: 0.9932974767960103

ℓ:     662082.7797008129  ℓ_258/ℓ_257:       0.9998218138769666
L2_Δ:  1.202484759773756e9  L2_Δ_258/L2_Δ_257: 0.9933233939946308

ℓ:     661965.5799311274  ℓ_259/ℓ_258:       0.9998229832080235
L2_Δ:  1.1944884453755555e9  L2_Δ_259/L2_Δ_258: 0.9933501740182512

ℓ:     661849.1666458698  ℓ_260/ℓ_259:       0.9998241399722481
L2_Δ:  1.186573715847153e9  L2_Δ_260/L2_Δ_259: 0.9933739589034584

ℓ:     661733.5312560436  ℓ_261/ℓ_260:       0.9998252843764807
L2_Δ:  1.1787406332961662e9  L2_Δ_261/L2_Δ_260: 0.9933985706523135

ℓ:     661618.665640757  ℓ_262/ℓ_261:       0.999826417115257
L2_Δ:  1.1709857298213954e9  L2_Δ_262/L2_Δ_261: 0.9934210264279383

ℓ:     661504.5617752619  ℓ_263/ℓ_262:       0.9998275383216636
L2_Δ:  1.1633095936017816e9  L2_Δ_263/L2_Δ_262: 0.9934447226604678

ℓ:     661391.211590163  ℓ_264/ℓ_263:       0.9998286479162067
L2_Δ:  1.1557094062875926e9  L2_Δ_264/L2_Δ_263: 0.9934667543739086

ℓ:     661278.6069791486  ℓ_265/ℓ_264:       0.9998297458311494
L2_Δ:  1.1481894657292736e9  L2_Δ_265/L2_Δ_264: 0.9934932254445563

ℓ:     661166.7400963323  ℓ_266/ℓ_265:       0.9998308324484784
L2_Δ:  1.1407432879704828e9  L2_Δ_266/L2_Δ_265: 0.9935148527477029

ℓ:     661055.603149592  ℓ_267/ℓ_266:       0.999831907838068
L2_Δ:  1.1333719176722534e9  L2_Δ_267/L2_Δ_266: 0.9935380989079988

ℓ:     660945.1885513572  ℓ_268/ℓ_267:       0.9998329722980811
L2_Δ:  1.1260747829772525e9  L2_Δ_268/L2_Δ_267: 0.9935615709360544

ℓ:     660835.4891212449  ℓ_269/ℓ_268:       0.9998340264336399
L2_Δ:  1.1188447056293623e9  L2_Δ_269/L2_Δ_268: 0.9935793985824153

ℓ:     660726.4976502189  ℓ_270/ℓ_269:       0.9998350701909625
L2_Δ:  1.1116897272887847e9  L2_Δ_270/L2_Δ_269: 0.9936050299880064

ℓ:     660618.2065257778  ℓ_271/ℓ_270:       0.9998361029490626
L2_Δ:  1.104605699726843e9  L2_Δ_271/L2_Δ_270: 0.9936276936018665

ℓ:     660510.6086113835  ℓ_272/ℓ_271:       0.9998371254177807
L2_Δ:  1.0975879973316464e9  L2_Δ_272/L2_Δ_271: 0.9936468710989522

ℓ:     660403.697041245  ℓ_273/ℓ_272:       0.9998381379969608
L2_Δ:  1.0906421521033175e9  L2_Δ_273/L2_Δ_272: 0.9936717190373664

ℓ:     660297.4645622413  ℓ_274/ℓ_273:       0.999839140090403
L2_Δ:  1.0837624913015556e9  L2_Δ_274/L2_Δ_273: 0.9936921007605526

ℓ:     660191.9045426461  ℓ_275/ℓ_274:       0.9998401326292156
L2_Δ:  1.0769484773720303e9  L2_Δ_275/L2_Δ_274: 0.9937126317027801

ℓ:     660087.0101320931  ℓ_276/ℓ_275:       0.9998411152729513
L2_Δ:  1.0701994743504151e9  L2_Δ_276/L2_Δ_275: 0.9937332164319652

ℓ:     659982.7746442531  ℓ_277/ℓ_276:       0.9998420882607292
L2_Δ:  1.0635152880715766e9  L2_Δ_277/L2_Δ_276: 0.9937542612951705

ℓ:     659879.1916745441  ℓ_278/ℓ_277:       0.9998430520103123
L2_Δ:  1.0568948007314517e9  L2_Δ_278/L2_Δ_277: 0.9937749015793375

ℓ:     659776.2546465357  ℓ_279/ℓ_278:       0.9998440062524973
L2_Δ:  1.0503385353841264e9  L2_Δ_279/L2_Δ_278: 0.993796671775859

ℓ:     659673.9570798231  ℓ_280/ℓ_279:       0.9998449511239724
L2_Δ:  1.0438425697157063e9  L2_Δ_280/L2_Δ_279: 0.993815360048611

ℓ:     659572.2929050882  ℓ_281/ℓ_280:       0.999845887239228
L2_Δ:  1.0374084549437594e9  L2_Δ_281/L2_Δ_280: 0.9938361253328658

ℓ:     659471.2557602394  ℓ_282/ℓ_281:       0.9998468141461738
L2_Δ:  1.0310318267831107e9  L2_Δ_282/L2_Δ_281: 0.993853310014719

ℓ:     659370.8396288911  ℓ_283/ℓ_282:       0.999847732360628
L2_Δ:  1.0247175428274983e9  L2_Δ_283/L2_Δ_282: 0.9938757623270337

ℓ:     659271.0383759834  ℓ_284/ℓ_283:       0.9998486416946132
L2_Δ:  1.0184608525233109e9  L2_Δ_284/L2_Δ_283: 0.9938942293435092

ℓ:     659171.8461553652  ℓ_285/ℓ_284:       0.9998495425783264
L2_Δ:  1.0122617705889875e9  L2_Δ_285/L2_Δ_284: 0.9939132840315219

ℓ:     659073.2570818218  ℓ_286/ℓ_285:       0.9998504349448198
L2_Δ:  1.0061211143180959e9  L2_Δ_286/L2_Δ_285: 0.9939337269772437

ℓ:     658975.265270795  ℓ_287/ℓ_286:       0.999851318787443
L2_Δ:  1.0000358973551637e9  L2_Δ_287/L2_Δ_286: 0.9939518047317231

ℓ:     658877.8650976651  ℓ_288/ℓ_287:       0.9998521944930818
L2_Δ:  9.940066244461757e8  L2_Δ_288/L2_Δ_287: 0.9939709435181938

ℓ:     658781.0509137431  ℓ_289/ℓ_288:       0.9998530620179391
L2_Δ:  9.880314829485538e8  L2_Δ_289/L2_Δ_288: 0.993988831310907

ℓ:     658684.8174595925  ℓ_290/ℓ_289:       0.9998539219456645
L2_Δ:  9.82106272955715e8  L2_Δ_290/L2_Δ_289: 0.9940030149898094

ℓ:     658589.1591991275  ℓ_291/ℓ_290:       0.9998547738494505
L2_Δ:  9.762388339150487e8  L2_Δ_291/L2_Δ_290: 0.9940256577091114

ℓ:     658494.0706995227  ℓ_292/ℓ_291:       0.9998556178791034
L2_Δ:  9.704228213564442e8  L2_Δ_292/L2_Δ_291: 0.994042428597846

ℓ:     658399.5463531008  ℓ_293/ℓ_292:       0.9998564537622616
L2_Δ:  9.646621912749265e8  L2_Δ_293/L2_Δ_292: 0.9940637936838032

ℓ:     658305.5810357893  ℓ_294/ℓ_293:       0.9998572822265265
L2_Δ:  9.58946871938092e8  L2_Δ_294/L2_Δ_293: 0.9940753152880585

ℓ:     658212.1695642801  ℓ_295/ℓ_294:       0.9998581031754853
L2_Δ:  9.532884231713599e8  L2_Δ_295/L2_Δ_294: 0.9940993094275431

ℓ:     658119.3066035563  ℓ_296/ℓ_295:       0.999858916372231
L2_Δ:  9.476800554751832e8  L2_Δ_296/L2_Δ_295: 0.9941168196740301

ℓ:     658026.9870919805  ℓ_297/ℓ_296:       0.9998597222256673
L2_Δ:  9.421208918900801e8  L2_Δ_297/L2_Δ_296: 0.9941339236243442

ℓ:     657935.2061923578  ℓ_298/ℓ_297:       0.9998605210706808
L2_Δ:  9.366092143230753e8  L2_Δ_298/L2_Δ_297: 0.9941497130416593

ℓ:     657843.9589334438  ℓ_299/ℓ_298:       0.9998613126975798
L2_Δ:  9.311465314140484e8  L2_Δ_299/L2_Δ_298: 0.9941675964473882

ℓ:     657753.240414129  ℓ_300/ℓ_299:       0.9998620972069701
L2_Δ:  9.257288246950635e8  L2_Δ_300/L2_Δ_299: 0.9941816818983822

ℓ:     657663.0462020552  ℓ_301/ℓ_300:       0.999862875305613
L2_Δ:  9.203599697204622e8  L2_Δ_301/L2_Δ_300: 0.9942004020709091

ℓ:     657573.3712565918  ℓ_302/ℓ_301:       0.9998636460631606
L2_Δ:  9.150376700381439e8  L2_Δ_302/L2_Δ_301: 0.9942171543119863

ℓ:     657484.2108781813  ℓ_303/ℓ_302:       0.9998644099923936
L2_Δ:  9.097610790928932e8  L2_Δ_303/L2_Δ_302: 0.9942334713443757

ℓ:     657395.5605759397  ℓ_304/ℓ_303:       0.9998651674051258
L2_Δ:  9.045271594688351e8  L2_Δ_304/L2_Δ_303: 0.9942469295023296

ℓ:     657307.4157083826  ℓ_305/ℓ_304:       0.9998659180669247
L2_Δ:  8.99339458592305e8  L2_Δ_305/L2_Δ_304: 0.994264737302552

ℓ:     657219.7718231333  ℓ_306/ℓ_305:       0.9998666622600708
L2_Δ:  8.941962263866578e8  L2_Δ_306/L2_Δ_305: 0.9942811002491789

ℓ:     657132.6243174032  ℓ_307/ℓ_306:       0.9998673997504847
L2_Δ:  8.890976903880852e8  L2_Δ_307/L2_Δ_306: 0.9942981911037858

ℓ:     657045.9687805377  ℓ_308/ℓ_307:       0.9998681308252569
L2_Δ:  8.840424046101979e8  L2_Δ_308/L2_Δ_307: 0.9943141391181877

ℓ:     656959.8007565445  ℓ_309/ℓ_308:       0.9998688554102947
L2_Δ:  8.790295930314598e8  L2_Δ_309/L2_Δ_308: 0.9943296706667047

ℓ:     656874.11651854  ℓ_310/ℓ_309:       0.9998695746103402
L2_Δ:  8.740573988790469e8  L2_Δ_310/L2_Δ_309: 0.994343541796738

ℓ:     656788.9115735515  ℓ_311/ℓ_310:       0.9998702872546721
L2_Δ:  8.691281249759828e8  L2_Δ_311/L2_Δ_310: 0.9943604688783759

ℓ:     656704.181749887  ℓ_312/ℓ_311:       0.999870993827436
L2_Δ:  8.642380949550987e8  L2_Δ_312/L2_Δ_311: 0.9943736373494769

ℓ:     656619.9227188559  ℓ_313/ℓ_312:       0.9998716940848366
L2_Δ:  8.593893949520768e8  L2_Δ_313/L2_Δ_312: 0.9943896247673809

ℓ:     656536.1306549665  ℓ_314/ℓ_313:       0.9998723887884143
L2_Δ:  8.545792111961976e8  L2_Δ_314/L2_Δ_313: 0.9944027890219108

ℓ:     656452.8015237421  ℓ_315/ℓ_314:       0.9998730776154829
L2_Δ:  8.498097623826686e8  L2_Δ_315/L2_Δ_314: 0.9944189505770297

ℓ:     656369.9312203958  ℓ_316/ℓ_315:       0.9998737604544394
L2_Δ:  8.45080222326672e8  L2_Δ_316/L2_Δ_315: 0.9944345896395258

ℓ:     656287.5159080343  ℓ_317/ℓ_316:       0.9998744377089177
L2_Δ:  8.403882653082706e8  L2_Δ_317/L2_Δ_316: 0.9944479152458645

ℓ:     656205.5516632202  ℓ_318/ℓ_317:       0.9998751092427826
L2_Δ:  8.357372728000932e8  L2_Δ_318/L2_Δ_317: 0.9944656622418789

ℓ:     656124.0346091206  ℓ_319/ℓ_318:       0.9998757751227599
L2_Δ:  8.311226646433167e8  L2_Δ_319/L2_Δ_318: 0.9944783985267099

ℓ:     656042.9608104613  ℓ_320/ℓ_319:       0.9998764352555572
L2_Δ:  8.265473963381752e8  L2_Δ_320/L2_Δ_319: 0.9944950745542416

ℓ:     655962.3263621  ℓ_321/ℓ_320:       0.9998770896828743
L2_Δ:  8.220082064983884e8  L2_Δ_321/L2_Δ_320: 0.9945082522068346

ℓ:     655882.127745796  ℓ_322/ℓ_321:       0.9998777389903644
L2_Δ:  8.175032724632835e8  L2_Δ_322/L2_Δ_321: 0.9945195996834446

ℓ:     655802.3613298094  ℓ_323/ℓ_322:       0.9998783830011335
L2_Δ:  8.130379358453523e8  L2_Δ_323/L2_Δ_322: 0.9945378363997536

ℓ:     655723.0234878284  ℓ_324/ℓ_323:       0.9998790217195618
L2_Δ:  8.086040479721513e8  L2_Δ_324/L2_Δ_323: 0.9945465178465616

ℓ:     655644.1107991791  ℓ_325/ℓ_324:       0.9998796554553939
L2_Δ:  8.042058342540147e8  L2_Δ_325/L2_Δ_324: 0.9945607325004536

ℓ:     655565.6196385198  ℓ_326/ℓ_325:       0.9998802838927913
L2_Δ:  7.998449085588837e8  L2_Δ_326/L2_Δ_325: 0.9945773513329752

ℓ:     655487.546296088  ℓ_327/ℓ_326:       0.999880906899183
L2_Δ:  7.955161070799543e8  L2_Δ_327/L2_Δ_326: 0.9945879489478419

ℓ:     655409.8876019419  ℓ_328/ℓ_327:       0.9998815252942869
L2_Δ:  7.912242988372998e8  L2_Δ_328/L2_Δ_327: 0.9946050014519403

ℓ:     655332.6399350842  ℓ_329/ℓ_328:       0.9998821383864982
L2_Δ:  7.869668682367209e8  L2_Δ_329/L2_Δ_328: 0.9946191862322288

ℓ:     655255.7999327685  ℓ_330/ℓ_329:       0.9998827465661968
L2_Δ:  7.827403994233357e8  L2_Δ_330/L2_Δ_329: 0.9946294196312799

ℓ:     655179.3644939292  ℓ_331/ℓ_330:       0.9998833502292584
L2_Δ:  7.785463919700711e8  L2_Δ_331/L2_Δ_330: 0.9946418921824471

ℓ:     655103.3304229644  ℓ_332/ℓ_331:       0.999883949228127
L2_Δ:  7.743862871517642e8  L2_Δ_332/L2_Δ_331: 0.9946565742758373

ℓ:     655027.6942330404  ℓ_333/ℓ_332:       0.9998845431149386
L2_Δ:  7.702584032299261e8  L2_Δ_333/L2_Δ_332: 0.9946694769905848

ℓ:     654952.4526695515  ℓ_334/ℓ_333:       0.9998851322407413
L2_Δ:  7.661626168526748e8  L2_Δ_334/L2_Δ_333: 0.9946825813777864

ℓ:     654877.6025175527  ℓ_335/ℓ_334:       0.9998857166627994
L2_Δ:  7.620992895533544e8  L2_Δ_335/L2_Δ_334: 0.9946965210649246

ℓ:     654803.1407900333  ℓ_336/ℓ_335:       0.999886296725933
L2_Δ:  7.580621160635778e8  L2_Δ_336/L2_Δ_335: 0.9947025623234176

ℓ:     654729.0644982659  ℓ_337/ℓ_336:       0.9998868724244694
L2_Δ:  7.540593716051273e8  L2_Δ_337/L2_Δ_336: 0.9947197671884256

ℓ:     654655.3704831221  ℓ_338/ℓ_337:       0.9998874434951193
L2_Δ:  7.500857853733532e8  L2_Δ_338/L2_Δ_337: 0.9947304066743237

ℓ:     654582.0557317584  ℓ_339/ℓ_338:       0.9998880101582156
L2_Δ:  7.461428939421635e8  L2_Δ_339/L2_Δ_338: 0.9947434126761552

ℓ:     654509.1172215801  ℓ_340/ℓ_339:       0.9998885723958676
L2_Δ:  7.422319390721095e8  L2_Δ_340/L2_Δ_339: 0.9947584371548579

ℓ:     654436.5517734297  ℓ_341/ℓ_340:       0.999889129965892
L2_Δ:  7.383504079195617e8  L2_Δ_341/L2_Δ_340: 0.9947704606225917

ℓ:     654364.3564867849  ℓ_342/ℓ_341:       0.999889683290994
L2_Δ:  7.344976890668153e8  L2_Δ_342/L2_Δ_341: 0.9947819912992231

ℓ:     654292.5286150245  ℓ_343/ℓ_342:       0.9998902326035208
L2_Δ:  7.306707967461292e8  L2_Δ_343/L2_Δ_342: 0.9947897830345142

ℓ:     654221.0654348864  ℓ_344/ℓ_343:       0.9998907779364539
L2_Δ:  7.268749410921549e8  L2_Δ_344/L2_Δ_343: 0.994804971444215

ℓ:     654149.9638565225  ℓ_345/ℓ_344:       0.9998913187267722
L2_Δ:  7.23108459998719e8  L2_Δ_345/L2_Δ_344: 0.9948182543096388

ℓ:     654079.2212971953  ℓ_346/ℓ_345:       0.9998918557467922
L2_Δ:  7.193680307277037e8  L2_Δ_346/L2_Δ_345: 0.9948272915089088

ℓ:     654008.8348856295  ℓ_347/ℓ_346:       0.9998923885528328
L2_Δ:  7.156565634232103e8  L2_Δ_347/L2_Δ_346: 0.9948406557617817

ℓ:     653938.8020008536  ℓ_348/ℓ_347:       0.9998929175249014
L2_Δ:  7.119713420264221e8  L2_Δ_348/L2_Δ_347: 0.994850572767529

ℓ:     653869.1199343349  ℓ_349/ℓ_348:       0.9998934425265705
L2_Δ:  7.083123254018023e8  L2_Δ_349/L2_Δ_348: 0.9948607248513606

ℓ:     653799.7859599516  ℓ_350/ℓ_349:       0.9998939635283736
L2_Δ:  7.046836546479125e8  L2_Δ_350/L2_Δ_349: 0.9948770187617004

ℓ:     653730.7971917792  ℓ_351/ℓ_350:       0.9998944802833316
L2_Δ:  7.010799266273695e8  L2_Δ_351/L2_Δ_350: 0.9948860343265042

ℓ:     653662.1510597566  ℓ_352/ℓ_351:       0.9998949932719745
L2_Δ:  6.975039664192202e8  L2_Δ_352/L2_Δ_351: 0.9948993544497103

ℓ:     653593.8449763922  ℓ_353/ℓ_352:       0.9998955024652205
L2_Δ:  6.939527965131387e8  L2_Δ_353/L2_Δ_352: 0.9949087459325684

ℓ:     653525.8764179338  ℓ_354/ℓ_353:       0.9998960079581826
L2_Δ:  6.904279137079751e8  L2_Δ_354/L2_Δ_353: 0.9949205726630475

ℓ:     653458.2429273654  ℓ_355/ℓ_354:       0.9998965098506287
L2_Δ:  6.869248521651955e8  L2_Δ_355/L2_Δ_354: 0.9949262457771061

ℓ:     653390.9420471155  ℓ_356/ℓ_355:       0.999897008139421
L2_Δ:  6.834506079638242e8  L2_Δ_356/L2_Δ_355: 0.9949423227440084

ℓ:     653323.9713516537  ℓ_357/ℓ_356:       0.9998975028713254
L2_Δ:  6.799991297276601e8  L2_Δ_357/L2_Δ_356: 0.9949499229411077

ℓ:     653257.3283357132  ℓ_358/ℓ_357:       0.999897993922062
L2_Δ:  6.765749097420069e8  L2_Δ_358/L2_Δ_357: 0.994964375929386

ℓ:     653191.0105530603  ℓ_359/ℓ_358:       0.9998984813797315
L2_Δ:  6.731739432680175e8  L2_Δ_359/L2_Δ_358: 0.9949732595385687

ℓ:     653125.01553548  ℓ_360/ℓ_359:       0.9998989652084702
L2_Δ:  6.697957406266869e8  L2_Δ_360/L2_Δ_359: 0.9949816794379612

ℓ:     653059.3409707954  ℓ_361/ℓ_360:       0.99989944564498
L2_Δ:  6.664434168263526e8  L2_Δ_361/L2_Δ_360: 0.9949950057950536

ℓ:     652993.9846315577  ℓ_362/ℓ_361:       0.9998999228169059
L2_Δ:  6.63114681955955e8  L2_Δ_362/L2_Δ_361: 0.9950052250703455

ℓ:     652928.9440422266  ℓ_363/ℓ_362:       0.9999003963422913
L2_Δ:  6.598097983637388e8  L2_Δ_363/L2_Δ_362: 0.9950161206166209

ℓ:     652864.2168522802  ℓ_364/ℓ_363:       0.9999008664104463
L2_Δ:  6.565284595964112e8  L2_Δ_364/L2_Δ_363: 0.995026841408744

ℓ:     652799.800952442  ℓ_365/ℓ_364:       0.9999013333888189
L2_Δ:  6.532685965289761e8  L2_Δ_365/L2_Δ_364: 0.9950346964860608

ℓ:     652735.693936538  ℓ_366/ℓ_365:       0.9999017968206937
L2_Δ:  6.500329969635013e8  L2_Δ_366/L2_Δ_365: 0.9950470609138928

ℓ:     652671.8936323209  ℓ_367/ℓ_366:       0.9999022570623766
L2_Δ:  6.468180605042527e8  L2_Δ_367/L2_Δ_366: 0.9950541949804601

ℓ:     652608.3977982838  ℓ_368/ℓ_367:       0.9999027140058326
L2_Δ:  6.436266270971149e8  L2_Δ_368/L2_Δ_367: 0.9950659488316549

ℓ:     652545.2044078906  ℓ_369/ℓ_368:       0.9999031679785205
L2_Δ:  6.404558408878328e8  L2_Δ_369/L2_Δ_368: 0.9950735627213202

ℓ:     652482.3111261658  ℓ_370/ℓ_369:       0.9999036185059672
L2_Δ:  6.373103645902207e8  L2_Δ_370/L2_Δ_369: 0.995088691371365

ℓ:     652419.7157082863  ℓ_371/ℓ_370:       0.9999040657243696
L2_Δ:  6.341865974758686e8  L2_Δ_371/L2_Δ_370: 0.9950985151224386

ℓ:     652357.4162267391  ℓ_372/ℓ_371:       0.9999045101181843
L2_Δ:  6.310822615727932e8  L2_Δ_372/L2_Δ_371: 0.9951050118128782

ℓ:     652295.4104159786  ℓ_373/ℓ_372:       0.9999049511675377
L2_Δ:  6.280009109251816e8  L2_Δ_373/L2_Δ_372: 0.9951173550022905

ℓ:     652233.6961651328  ℓ_374/ℓ_373:       0.9999053891076645
L2_Δ:  6.249394127679988e8  L2_Δ_374/L2_Δ_373: 0.9951250100056821

ℓ:     652172.2715398085  ℓ_375/ℓ_374:       0.9999058242073577
L2_Δ:  6.218977331782806e8  L2_Δ_375/L2_Δ_374: 0.9951328408361285

ℓ:     652111.134450709  ℓ_376/ℓ_375:       0.9999062562274302
L2_Δ:  6.188784676011147e8  L2_Δ_376/L2_Δ_375: 0.9951450770503125

ℓ:     652050.2830662961  ℓ_377/ℓ_376:       0.9999066855614049
L2_Δ:  6.158799015634475e8  L2_Δ_377/L2_Δ_376: 0.9951548386401449

ℓ:     651989.7154066667  ℓ_378/ℓ_377:       0.9999071119801611
L2_Δ:  6.129012087715479e8  L2_Δ_378/L2_Δ_377: 0.9951635168084915

ℓ:     651929.4294307615  ℓ_379/ℓ_378:       0.9999075353882421
L2_Δ:  6.099418943618397e8  L2_Δ_379/L2_Δ_378: 0.9951716290205403

ℓ:     651869.4231118804  ℓ_380/ℓ_379:       0.9999079558059936
L2_Δ:  6.070039547108463e8  L2_Δ_380/L2_Δ_379: 0.9951832466696402

ℓ:     651809.6943934063  ℓ_381/ℓ_380:       0.9999083731858613
L2_Δ:  6.04086355974172e8  L2_Δ_381/L2_Δ_380: 0.9951934436109825

ℓ:     651750.2414072731  ℓ_382/ℓ_381:       0.9999087878154551
L2_Δ:  6.01187142738603e8  L2_Δ_382/L2_Δ_381: 0.9952006642644765

ℓ:     651691.0624296464  ℓ_383/ℓ_382:       0.9999091999145272
L2_Δ:  5.983075992976426e8  L2_Δ_383/L2_Δ_382: 0.9952102378173905

ℓ:     651632.155347138  ℓ_384/ℓ_383:       0.9999096088838647
L2_Δ:  5.954473471235081e8  L2_Δ_384/L2_Δ_383: 0.9952194286392281

ℓ:     651573.5184913292  ℓ_385/ℓ_384:       0.999910015404661
L2_Δ:  5.92602968976433e8  L2_Δ_385/L2_Δ_384: 0.9952231239910369

ℓ:     651515.1502644588  ℓ_386/ℓ_385:       0.9999104195839551
L2_Δ:  5.897803085387706e8  L2_Δ_386/L2_Δ_385: 0.9952368439150113

ℓ:     651457.0486188172  ℓ_387/ℓ_386:       0.9999108207297742
L2_Δ:  5.869766090034361e8  L2_Δ_387/L2_Δ_386: 0.9952461967706571

ℓ:     651399.2117228862  ℓ_388/ℓ_387:       0.9999112191723865
L2_Δ:  5.841916369581983e8  L2_Δ_388/L2_Δ_387: 0.9952553951852254

ℓ:     651341.6377848866  ℓ_389/ℓ_388:       0.9999116149713364
L2_Δ:  5.814240364172845e8  L2_Δ_389/L2_Δ_388: 0.9952625125629591

ℓ:     651284.325181089  ℓ_390/ℓ_389:       0.9999120083832003
L2_Δ:  5.786735889223685e8  L2_Δ_390/L2_Δ_389: 0.9952694637258822

ℓ:     651227.2720495432  ℓ_391/ℓ_390:       0.9999123990408798
L2_Δ:  5.759425840607643e8  L2_Δ_391/L2_Δ_390: 0.9952805780082515

ℓ:     651170.4767477639  ℓ_392/ℓ_391:       0.9999127872799298
L2_Δ:  5.732291165540433e8  L2_Δ_392/L2_Δ_391: 0.9952886492823827

ℓ:     651113.9373949955  ℓ_393/ℓ_392:       0.9999131727331207
L2_Δ:  5.705346846073081e8  L2_Δ_393/L2_Δ_392: 0.9952995549791108

ℓ:     651057.6523692523  ℓ_394/ℓ_393:       0.9999135557964427
L2_Δ:  5.678561159627366e8  L2_Δ_394/L2_Δ_393: 0.9953051607258283

ℓ:     651001.6201083936  ℓ_395/ℓ_394:       0.9999139365605261
L2_Δ:  5.651963087247242e8  L2_Δ_395/L2_Δ_394: 0.9953160542552174

ℓ:     650945.8389176334  ℓ_396/ℓ_395:       0.9999143148203673
L2_Δ:  5.625534035599645e8  L2_Δ_396/L2_Δ_395: 0.9953239164446722

ℓ:     650890.3070047245  ℓ_397/ℓ_396:       0.9999146904249342
L2_Δ:  5.599275267645328e8  L2_Δ_397/L2_Δ_396: 0.9953322177435696

ℓ:     650835.0228346919  ℓ_398/ℓ_397:       0.9999150637681379
L2_Δ:  5.573191499155238e8  L2_Δ_398/L2_Δ_397: 0.995341581321995

ℓ:     650779.9846402088  ℓ_399/ℓ_398:       0.999915434491765
L2_Δ:  5.54725810500975e8  L2_Δ_399/L2_Δ_398: 0.9953467606219132

ℓ:     650725.1911012627  ℓ_400/ℓ_399:       0.9999158032818475
L2_Δ:  5.52150783131261e8  L2_Δ_400/L2_Δ_399: 0.995358017743237

ℓ:     650670.6403763779  ℓ_401/ℓ_400:       0.9999161693359488
L2_Δ:  5.495917087995073e8  L2_Δ_401/L2_Δ_400: 0.9953652617909167

ℓ:     650616.3310607412  ℓ_402/ℓ_401:       0.9999165333238254
L2_Δ:  5.4704874728137e8  L2_Δ_402/L2_Δ_401: 0.9953729987599488

ℓ:     650562.2615884444  ℓ_403/ℓ_402:       0.9999168949967661
L2_Δ:  5.445220754908228e8  L2_Δ_403/L2_Δ_402: 0.9953812675687425

ℓ:     650508.4304942101  ℓ_404/ℓ_403:       0.9999172545082728
L2_Δ:  5.420110165824964e8  L2_Δ_404/L2_Δ_403: 0.9953885085263753

ℓ:     650454.8361467243  ℓ_405/ℓ_404:       0.9999176116019817
L2_Δ:  5.395153135774572e8  L2_Δ_405/L2_Δ_404: 0.9953954755001565

ℓ:     650401.4768723835  ℓ_406/ℓ_405:       0.999917966211679
L2_Δ:  5.370366204120625e8  L2_Δ_406/L2_Δ_405: 0.9954057037807532

ℓ:     650348.3513229571  ℓ_407/ℓ_406:       0.9999183188364179
L2_Δ:  5.345616797363277e8  L2_Δ_407/L2_Δ_406: 0.9953914862010047

ℓ:     650295.4580586017  ℓ_408/ℓ_407:       0.9999186693342917
L2_Δ:  5.321129114326715e8  L2_Δ_408/L2_Δ_407: 0.9954191099054013

ℓ:     650242.7954904  ℓ_409/ℓ_408:       0.9999190174749815
L2_Δ:  5.2968120962102497e8  L2_Δ_409/L2_Δ_408: 0.9954301018460548

ℓ:     650190.3622284742  ℓ_410/ℓ_409:       0.999919363563442
L2_Δ:  5.2725789174830455e8  L2_Δ_410/L2_Δ_409: 0.9954249502744221

ℓ:     650138.1569973413  ℓ_411/ℓ_410:       0.9999197077745755
L2_Δ:  5.2485610533062994e8  L2_Δ_411/L2_Δ_410: 0.9954447596607598

ℓ:     650086.1780652727  ℓ_412/ℓ_411:       0.9999200494056392
L2_Δ:  5.224702087446793e8  L2_Δ_412/L2_Δ_411: 0.9954541891354247

ℓ:     650034.4240223094  ℓ_413/ℓ_412:       0.9999203889504044
L2_Δ:  5.2009743640197724e8  L2_Δ_413/L2_Δ_412: 0.9954585499747383

ℓ:     649982.8936064258  ℓ_414/ℓ_413:       0.9999207266354224
L2_Δ:  5.1773969895961803e8  L2_Δ_414/L2_Δ_413: 0.9954667389659331

ℓ:     649931.5853904655  ℓ_415/ℓ_414:       0.9999210622056902
L2_Δ:  5.153976590421701e8  L2_Δ_415/L2_Δ_414: 0.9954764142634722

ℓ:     649880.4980220718  ℓ_416/ℓ_415:       0.9999213957752754
L2_Δ:  5.1306912575792104e8  L2_Δ_416/L2_Δ_415: 0.9954820646865636

ℓ:     649829.6301349733  ℓ_417/ℓ_416:       0.9999217273217872
L2_Δ:  5.107541819781237e8  L2_Δ_417/L2_Δ_416: 0.995488047002677

ℓ:     649778.9805608724  ℓ_418/ℓ_417:       0.9999220571489016
L2_Δ:  5.08454246576888e8  L2_Δ_418/L2_Δ_417: 0.995496981752889

ℓ:     649728.5477605525  ℓ_419/ℓ_418:       0.9999223846849027
L2_Δ:  5.061681642046125e8  L2_Δ_419/L2_Δ_418: 0.995503858237656

ℓ:     649678.3303384326  ℓ_420/ℓ_419:       0.999922710149811
L2_Δ:  5.038968931705896e8  L2_Δ_420/L2_Δ_419: 0.9955128133402228

ℓ:     649628.3269644539  ℓ_421/ℓ_420:       0.9999230336435069
L2_Δ:  5.016380695211215e8  L2_Δ_421/L2_Δ_420: 0.995517289985149

ℓ:     649578.5364515223  ℓ_422/ℓ_421:       0.9999233553851257
L2_Δ:  4.993944023273197e8  L2_Δ_422/L2_Δ_421: 0.995527318738102

ℓ:     649528.9573655537  ℓ_423/ℓ_422:       0.9999236749935745
L2_Δ:  4.971648176511592e8  L2_Δ_423/L2_Δ_422: 0.9955354231730073

ℓ:     649479.58851097  ℓ_424/ℓ_423:       0.9999239928350786
L2_Δ:  4.9494788695495534e8  L2_Δ_424/L2_Δ_423: 0.9955408536213851

ℓ:     649430.4285502883  ℓ_425/ℓ_424:       0.999924308690294
L2_Δ:  4.9274505682236534e8  L2_Δ_425/L2_Δ_424: 0.9955493695585966

ℓ:     649381.4763775439  ℓ_426/ℓ_425:       0.9999246229147998
L2_Δ:  4.905555909921064e8  L2_Δ_426/L2_Δ_425: 0.9955565950384597

ℓ:     649332.7306741135  ℓ_427/ℓ_426:       0.999924935180316
L2_Δ:  4.8837863509467435e8  L2_Δ_427/L2_Δ_426: 0.9955622646293169

ℓ:     649284.1901931228  ℓ_428/ℓ_427:       0.9999252455964445
L2_Δ:  4.8621505988430613e8  L2_Δ_428/L2_Δ_427: 0.9955698815326989

ℓ:     649235.8537224588  ℓ_429/ℓ_428:       0.9999255542158672
L2_Δ:  4.84064705406034e8  L2_Δ_429/L2_Δ_428: 0.9955773593710079

ℓ:     649187.7199478429  ℓ_430/ℓ_429:       0.9999258608803874
L2_Δ:  4.81927854660447e8  L2_Δ_430/L2_Δ_429: 0.9955856092755314

ℓ:     649139.7876696143  ℓ_431/ℓ_430:       0.9999261657656857
L2_Δ:  4.7980292702998817e8  L2_Δ_431/L2_Δ_430: 0.9955907764826003

ℓ:     649092.0557367174  ℓ_432/ℓ_431:       0.9999264689458209
L2_Δ:  4.776905615778202e8  L2_Δ_432/L2_Δ_431: 0.9955974310843753

ℓ:     649044.5229762547  ℓ_433/ℓ_432:       0.9999267703863534
L2_Δ:  4.755907829058256e8  L2_Δ_433/L2_Δ_432: 0.9956043119942354

ℓ:     648997.1880924144  ℓ_434/ℓ_433:       0.9999270698971109
L2_Δ:  4.735046591729663e8  L2_Δ_434/L2_Δ_433: 0.9956136161426148

ℓ:     648950.049892903  ℓ_435/ℓ_434:       0.9999273676367536
L2_Δ:  4.7142972858504546e8  L2_Δ_435/L2_Δ_434: 0.9956179299448817

ℓ:     648903.1072895714  ℓ_436/ℓ_435:       0.9999276637649704
L2_Δ:  4.693656415477672e8  L2_Δ_436/L2_Δ_435: 0.9956216443042881

ℓ:     648856.35931789  ℓ_437/ℓ_436:       0.9999279584715248
L2_Δ:  4.6731560848855144e8  L2_Δ_437/L2_Δ_436: 0.9956323324978461

ℓ:     648809.8045499704  ℓ_438/ℓ_437:       0.9999282510416195
L2_Δ:  4.6527844915040094e8  L2_Δ_438/L2_Δ_437: 0.9956407205298806

ℓ:     648763.441804214  ℓ_439/ℓ_438:       0.9999285418539744
L2_Δ:  4.632531828044075e8  L2_Δ_439/L2_Δ_438: 0.99564719502979

ℓ:     648717.2700436271  ℓ_440/ℓ_439:       0.9999288311307146
L2_Δ:  4.612383872331081e8  L2_Δ_440/L2_Δ_439: 0.9956507679901898

ℓ:     648671.2881868603  ℓ_441/ℓ_440:       0.9999291188027664
L2_Δ:  4.592358210718305e8  L2_Δ_441/L2_Δ_440: 0.9956582838360644

ℓ:     648625.4952396427  ℓ_442/ℓ_441:       0.9999294050036567
L2_Δ:  4.572450617552255e8  L2_Δ_442/L2_Δ_441: 0.9956650609006094

ℓ:     648579.8899272798  ℓ_443/ℓ_442:       0.9999296893003781
L2_Δ:  4.5526668044105375e8  L2_Δ_443/L2_Δ_442: 0.9956732582161143

ℓ:     648534.4711573006  ℓ_444/ℓ_443:       0.9999299719730992
L2_Δ:  4.532996544027021e8  L2_Δ_444/L2_Δ_443: 0.9956793982014102

ℓ:     648489.2380694641  ℓ_445/ℓ_444:       0.9999302533791985
L2_Δ:  4.5134330450607634e8  L2_Δ_445/L2_Δ_444: 0.9956842016586058

ℓ:     648444.1895296266  ℓ_446/ℓ_445:       0.9999305330957048
L2_Δ:  4.4939967860714334e8  L2_Δ_446/L2_Δ_445: 0.9956936862039861

ℓ:     648399.3243952971  ℓ_447/ℓ_446:       0.9999308111090299
L2_Δ:  4.4746720665567994e8  L2_Δ_447/L2_Δ_446: 0.9956998813228953

ℓ:     648354.6415347155  ℓ_448/ℓ_447:       0.9999310874350105
L2_Δ:  4.455463633577713e8  L2_Δ_448/L2_Δ_447: 0.9957072981676918

ℓ:     648310.1398435148  ℓ_449/ℓ_448:       0.9999313621151914
L2_Δ:  4.436366604681931e8  L2_Δ_449/L2_Δ_448: 0.9957137953608552

ℓ:     648265.8183290808  ℓ_450/ℓ_449:       0.9999316353212605
L2_Δ:  4.417368043794691e8  L2_Δ_450/L2_Δ_449: 0.9957175403702683

ℓ:     648221.6759524784  ℓ_451/ℓ_450:       0.9999319069811267
L2_Δ:  4.3984890642857647e8  L2_Δ_451/L2_Δ_450: 0.9957261927641626

ℓ:     648177.7119051141  ℓ_452/ℓ_451:       0.9999321774494817
L2_Δ:  4.379708921087218e8  L2_Δ_452/L2_Δ_451: 0.9957303194519602

ℓ:     648133.9249575584  ℓ_453/ℓ_452:       0.9999324460765134
L2_Δ:  4.361052752358722e8  L2_Δ_453/L2_Δ_452: 0.9957403176638815

ℓ:     648090.3140371586  ℓ_454/ℓ_453:       0.9999327131033874
L2_Δ:  4.342497026169601e8  L2_Δ_454/L2_Δ_453: 0.9957451268666528

ℓ:     648046.878188497  ℓ_455/ℓ_454:       0.999932978710342
L2_Δ:  4.3240457417134166e8  L2_Δ_455/L2_Δ_454: 0.9957509966397237

ℓ:     648003.6164473541  ℓ_456/ℓ_455:       0.9999332428831941
L2_Δ:  4.30569826396857e8  L2_Δ_456/L2_Δ_455: 0.9957568724197686

ℓ:     647960.5278991308  ℓ_457/ℓ_456:       0.9999335056979165
L2_Δ:  4.287436920604525e8  L2_Δ_457/L2_Δ_456: 0.9957587963102613

ℓ:     647917.6115432935  ℓ_458/ℓ_457:       0.9999337670213083
L2_Δ:  4.269290133994237e8  L2_Δ_458/L2_Δ_457: 0.9957674510561128

ℓ:     647874.8664185315  ℓ_459/ℓ_458:       0.9999340269132982
L2_Δ:  4.251258686629839e8  L2_Δ_459/L2_Δ_458: 0.9957764764636577

ℓ:     647832.2914391425  ℓ_460/ℓ_459:       0.9999342851812969
L2_Δ:  4.233330332802172e8  L2_Δ_460/L2_Δ_459: 0.9957828127740023

ℓ:     647789.8855852573  ℓ_461/ℓ_460:       0.9999345419262893
L2_Δ:  4.215502034405132e8  L2_Δ_461/L2_Δ_460: 0.9957885879448395

ℓ:     647747.647918172  ℓ_462/ℓ_461:       0.9999347972729657
L2_Δ:  4.197779824219795e8  L2_Δ_462/L2_Δ_461: 0.9957959431544106

ℓ:     647705.5775134285  ℓ_463/ℓ_462:       0.9999350512427507
L2_Δ:  4.180157072112354e8  L2_Δ_463/L2_Δ_462: 0.9958018874630433

ℓ:     647663.6733991451  ℓ_464/ℓ_463:       0.9999353037618662
L2_Δ:  4.1626309893045396e8  L2_Δ_464/L2_Δ_463: 0.9958073147717968

ℓ:     647621.9346911252  ℓ_465/ℓ_464:       0.9999355549651243
L2_Δ:  4.14519804262241e8  L2_Δ_465/L2_Δ_464: 0.9958120364916031

ℓ:     647580.3605578343  ℓ_466/ℓ_465:       0.9999358049333046
L2_Δ:  4.127852473683661e8  L2_Δ_466/L2_Δ_465: 0.9958155029601975

ℓ:     647538.9499961222  ℓ_467/ℓ_466:       0.9999360534008838
L2_Δ:  4.110617578301546e8  L2_Δ_467/L2_Δ_466: 0.9958247307790206

ℓ:     647497.7020954671  ℓ_468/ℓ_467:       0.9999363005103318
L2_Δ:  4.0934769900600076e8  L2_Δ_468/L2_Δ_467: 0.9958301671427628

ℓ:     647456.6159695811  ℓ_469/ℓ_468:       0.999936546298538
L2_Δ:  4.0764293844774544e8  L2_Δ_469/L2_Δ_468: 0.995835421666239

ℓ:     647415.6908113577  ℓ_470/ℓ_469:       0.999936790887275
L2_Δ:  4.059462713474327e8  L2_Δ_470/L2_Δ_469: 0.9958378597044426

ℓ:     647374.9256239061  ℓ_471/ℓ_470:       0.9999370339829106
L2_Δ:  4.042583972922933e8  L2_Δ_471/L2_Δ_470: 0.9958421245020015

ℓ:     647334.319788219  ℓ_472/ℓ_471:       0.9999372761686006
L2_Δ:  4.0258255546322984e8  L2_Δ_472/L2_Δ_471: 0.9958545280931993

ℓ:     647293.8722065004  ℓ_473/ℓ_472:       0.9999375167043022
L2_Δ:  4.0091575727112573e8  L2_Δ_473/L2_Δ_472: 0.9958597356753668

ℓ:     647253.581947022  ℓ_474/ℓ_473:       0.9999377558459791
L2_Δ:  3.9925817360368717e8  L2_Δ_474/L2_Δ_473: 0.9958655063130443

ℓ:     647213.4481851057  ℓ_475/ℓ_474:       0.9999379937584963
L2_Δ:  3.9760992863763857e8  L2_Δ_475/L2_Δ_474: 0.9958717314384034

ℓ:     647173.4699606695  ℓ_476/ℓ_475:       0.9999382302321618
L2_Δ:  3.959710156299038e8  L2_Δ_476/L2_Δ_475: 0.9958780883230197

ℓ:     647133.6467034997  ℓ_477/ℓ_476:       0.9999384658688617
L2_Δ:  3.9433855074712086e8  L2_Δ_477/L2_Δ_476: 0.9958773121810797

ℓ:     647093.9775916857  ℓ_478/ℓ_477:       0.999938700279276
L2_Δ:  3.927172499143085e8  L2_Δ_478/L2_Δ_477: 0.9958885560903427

ℓ:     647054.4616404255  ℓ_479/ℓ_478:       0.9999389332112049
L2_Δ:  3.9110383223149115e8  L2_Δ_479/L2_Δ_478: 0.9958916556805962

ℓ:     647015.0980205201  ℓ_480/ℓ_479:       0.9999391649045961
L2_Δ:  3.8950090420476156e8  L2_Δ_480/L2_Δ_479: 0.9959015282013887

ℓ:     646975.8858951761  ℓ_481/ℓ_480:       0.9999393953472432
L2_Δ:  3.879055486023502e8  L2_Δ_481/L2_Δ_480: 0.9959041029553741

ℓ:     646936.8243909202  ℓ_482/ℓ_481:       0.9999396244819824
L2_Δ:  3.863187454873558e8  L2_Δ_482/L2_Δ_481: 0.99590930544636

ℓ:     646897.9126608529  ℓ_483/ℓ_482:       0.9999398523494099
L2_Δ:  3.8474050051292574e8  L2_Δ_483/L2_Δ_482: 0.9959146559858516

ℓ:     646859.1500581622  ℓ_484/ℓ_483:       0.999940079258362
L2_Δ:  3.831683004494021e8  L2_Δ_484/L2_Δ_483: 0.9959136091432339

ℓ:     646820.5357660851  ℓ_485/ℓ_484:       0.9999403049457157
L2_Δ:  3.8160792415353024e8  L2_Δ_485/L2_Δ_484: 0.9959276999322706

ℓ:     646782.0688594623  ℓ_486/ℓ_485:       0.9999405292434365
L2_Δ:  3.800562719285186e8  L2_Δ_486/L2_Δ_485: 0.9959339098409619

ℓ:     646743.7484748184  ℓ_487/ℓ_486:       0.9999407522464074
L2_Δ:  3.785132786909372e8  L2_Δ_487/L2_Δ_486: 0.9959400926874545

ℓ:     646705.5738574268  ℓ_488/ℓ_487:       0.999940974122314
L2_Δ:  3.7697853438095915e8  L2_Δ_488/L2_Δ_487: 0.9959453356160031

ℓ:     646667.5443124278  ℓ_489/ℓ_488:       0.9999411949633089
L2_Δ:  3.754515602726699e8  L2_Δ_489/L2_Δ_488: 0.995949440169593

ℓ:     646629.6589585695  ℓ_490/ℓ_489:       0.9999414144807615
L2_Δ:  3.739342106620519e8  L2_Δ_490/L2_Δ_489: 0.9959586008658053

ℓ:     646591.9169653615  ℓ_491/ℓ_490:       0.9999416327527122
L2_Δ:  3.7242423764877635e8  L2_Δ_491/L2_Δ_490: 0.9959619286756295

ℓ:     646554.3176263999  ℓ_492/ℓ_491:       0.9999418499706306
L2_Δ:  3.709221674442595e8  L2_Δ_492/L2_Δ_491: 0.9959667764536491

ℓ:     646516.860209902  ℓ_493/ℓ_492:       0.9999420660948714
L2_Δ:  3.6942849628797823e8  L2_Δ_493/L2_Δ_492: 0.9959730873822585

ℓ:     646479.5438932237  ℓ_494/ℓ_493:       0.9999422809844956
L2_Δ:  3.679428171223384e8  L2_Δ_494/L2_Δ_493: 0.995978439182229

ℓ:     646442.3678839979  ℓ_495/ℓ_494:       0.9999424946859076
L2_Δ:  3.664657594122452e8  L2_Δ_495/L2_Δ_494: 0.9959856324370042

ℓ:     646405.3314736369  ℓ_496/ℓ_495:       0.9999427073282926
L2_Δ:  3.649945000491956e8  L2_Δ_496/L2_Δ_495: 0.9959852746804796

ℓ:     646368.4338976225  ℓ_497/ℓ_496:       0.9999429188247407
L2_Δ:  3.6353310837397707e8  L2_Δ_497/L2_Δ_496: 0.9959961268593868

ℓ:     646331.6744076854  ℓ_498/ℓ_497:       0.9999431291999898
L2_Δ:  3.6207923305215174e8  L2_Δ_498/L2_Δ_497: 0.9960007072579213

ℓ:     646295.0522669982  ℓ_499/ℓ_498:       0.9999433384713495
L2_Δ:  3.6063327160627884e8  L2_Δ_499/L2_Δ_498: 0.9960065054444461

ℓ:     646258.5667496459  ℓ_500/ℓ_499:       0.9999435466553173
L2_Δ:  3.591949481918143e8  L2_Δ_500/L2_Δ_499: 0.9960116729993931

ℓ:     646222.2171384195  ℓ_501/ℓ_500:       0.9999437537649842
L2_Δ:  3.577638205485304e8  L2_Δ_501/L2_Δ_500: 0.9960157356040551


ℓ:     638985.8081941215
L∞(∇): 1368.9321795466403


ℓ:     638975.7629606726
L∞(∇): 45.94335277718819


ℓ:     638975.7502777035
L∞(∇): 2.640976848490556


ℓ:     638975.7502119225
L∞(∇): 0.3678792996410556


ℓ:     638975.750210784
L∞(∇): 0.05535333154931588


ℓ:     638975.7502100917
L∞(∇): 0.17761452665377142


ℓ:     638975.7501719826
L∞(∇): 2.1833597019640534


ℓ:     638975.748962283
L∞(∇): 10.627328608877654


ℓ:     638975.743198517
L∞(∇): 4.136251699268898


ℓ:     638975.7428120441
L∞(∇): 0.6634142508832244


ℓ:     638975.7428085164
L∞(∇): 0.033350612774249555


ℓ:     638975.7428084913
L∞(∇): 0.005561392204861626


ℓ:     638975.7428084897
L∞(∇): 0.0005842898049879253


ℓ:     638975.7428084891
L∞(∇): 0.00025779470134722297


ℓ:     638975.7428084906
L∞(∇): 0.0008234552640056236


ℓ:     638975.7428084877
L∞(∇): 0.01501752868260997


ℓ:     638975.7428084232
L∞(∇): 0.029015250899585343


ℓ:     638975.7428084079
L∞(∇): 0.003682213570461279


ℓ:     638975.7428084066
L∞(∇): 0.0004537786732705662


ℓ:     638975.7428084074
L∞(∇): 4.682313758896939e-5


ℓ:     638975.7428084072
L∞(∇): 7.167965391019493e-6


ℓ:     638975.7428084072
L∞(∇): 1.2117219022942936e-6


ℓ:     638975.7428084073
L∞(∇): 1.2116971537600796e-6


ℓ:     638975.7428084051
L∞(∇): 8.761592807715601e-6


ℓ:     638975.7428084074
L∞(∇): 8.987522030245998e-5


ℓ:     638975.7428084061
L∞(∇): 3.845937844459968e-5


ℓ:     638975.7428084076
L∞(∇): 7.947962655130425e-6


ℓ:     638975.7428084061
L∞(∇): 8.637044119907955e-7


ℓ:     638975.7428084068
L∞(∇): 7.351207464978415e-8


ℓ:     638975.7428084073
L∞(∇): 1.5924942253775498e-8


ℓ:     638975.7428084072
L∞(∇): 3.776485863036976e-9

[improve_model] wall time: 98.820171746 s
estimate_σ_curvature failed (tracked open item, see profiling/HANDOFF_PERF.md): TaskFailedException

    nested task error: DomainError with -Inf:
    sqrt was called with a negative real argument but will only return a complex result if called with a complex argument. Try sqrt(Complex(x)).
    Stacktrace:
     [1] throw_complex_domainerror(f::Symbol, x::Float64)
       @ Base.Math ./math.jl:33
     [2] sqrt
       @ ./math.jl:627 [inlined]
     [3] estimate_σ_curvature_helper_finalizer!(σs::Vector{Float64}, _ℓs::Vector{Float64}, x_test::Vector{Float64}, i::Int64; use_gradient::Bool, param_str::String, print_every::Int64, verbose::Bool, show_plots::Bool)
       @ StellarSpectraObservationFitting /mnt/c/Users/eford/Code/StellarSpectraObservationFitting.jl/src/error_estimation.jl:90
     [4] estimate_σ_curvature_helper_finalizer!
       @ /mnt/c/Users/eford/Code/StellarSpectraObservationFitting.jl/src/error_estimation.jl:80 [inlined]
     [5] macro expansion
       @ /mnt/c/Users/eford/Code/StellarSpectraObservationFitting.jl/src/error_estimation.jl:48 [inlined]
     [6] (::StellarSpectraObservationFitting.var"#327#328"{StellarSpectraObservationFitting.var"#329#330"{Int64, Bool, StellarSpectraObservationFitting.EnzymeBackend, @Kwargs{param_str::String}, Matrix{Float64}, StellarSpectraObservationFitting.var"#ℓ_tel#334"{StellarSpectraObservationFitting.TotalWorkspace, StellarSpectraObservationFitting.OrderModelWobble{Float64}}, Vector{UnitRange{Int64}}, Float64, Vector{Float64}, UnitRange{Int64}}})(tid::Int64; onethread::Bool)
       @ StellarSpectraObservationFitting ./threadingconstructs.jl:279
     [7] #327
       @ ./threadingconstructs.jl:246 [inlined]
     [8] (::Base.Threads.var"#threading_run##0#threading_run##1"{StellarSpectraObservationFitting.var"#327#328"{StellarSpectraObservationFitting.var"#329#330"{Int64, Bool, StellarSpectraObservationFitting.EnzymeBackend, @Kwargs{param_str::String}, Matrix{Float64}, StellarSpectraObservationFitting.var"#ℓ_tel#334"{StellarSpectraObservationFitting.TotalWorkspace, StellarSpectraObservationFitting.OrderModelWobble{Float64}}, Vector{UnitRange{Int64}}, Float64, Vector{Float64}, UnitRange{Int64}}}, Int64})()
       @ Base.Threads ./threadingconstructs.jl:178

...and 3 more exceptions.

Done. Output in profiling/baseline_seeded
  Activating project at `/mnt/c/Users/eford/Code/StellarSpectraObservationFitting.jl/examples`
Precompiling packages...
   2191.9 ms  ? TemporalGPs
   3943.0 ms  ? StellarSpectraObservationFitting
Precompiling packages...
   2156.6 ms  ? TemporalGPs
Info Given StellarSpectraObservationFitting was explicitly requested, output will be shown live [0K
[0KWARNING: Method definition rrule(Type{T}, Tuple) where {T<:(StaticArraysCore.SArray{S, T, N, L} where L where N where T where S<:Tuple)} in module StaticArraysChainRulesCoreExt at /home/eford/.julia/packages/StaticArrays/k7bbZ/ext/StaticArraysChainRulesCoreExt.jl:28 overwritten in module TemporalGPs at /home/eford/.julia/packages/TemporalGPs/swuDu/src/util/chainrules.jl:31.
[0KERROR: Method overwriting is not permitted during Module precompilation. Use `__precompile__(false)` to opt-out of precompilation.
   4098.9 ms  ? StellarSpectraObservationFitting
Precompiling packages...
Info Given TemporalGPs was explicitly requested, output will be shown live [0K
[0KWARNING: Method definition rrule(Type{T}, Tuple) where {T<:(StaticArraysCore.SArray{S, T, N, L} where L where N where T where S<:Tuple)} in module StaticArraysChainRulesCoreExt at /home/eford/.julia/packages/StaticArrays/k7bbZ/ext/StaticArraysChainRulesCoreExt.jl:28 overwritten in module TemporalGPs at /home/eford/.julia/packages/TemporalGPs/swuDu/src/util/chainrules.jl:31.
[0KERROR: Method overwriting is not permitted during Module precompilation. Use `__precompile__(false)` to opt-out of precompilation.
   2119.3 ms  ? TemporalGPs
┌ Warning: The profile data buffer is full; profiling probably terminated
│ before your program finished. To profile for longer runs, call
│ `Profile.init()` with a larger buffer and/or larger delay.
└ @ Profile ~/.julia/juliaup/julia-1.12.7+0.x64.linux.gnu/share/julia/stdlib/v1.12/Profile/src/Profile.jl:693
┌ Warning: The profile data buffer is full; profiling probably terminated
│ before your program finished. To profile for longer runs, call
│ `Profile.init()` with a larger buffer and/or larger delay.
└ @ Profile ~/.julia/juliaup/julia-1.12.7+0.x64.linux.gnu/share/julia/stdlib/v1.12/Profile/src/Profile.jl:693
┌ Warning: weak local minimum 222258.85195594543 vs. 222258.85997056213
└ @ StellarSpectraObservationFitting /mnt/c/Users/eford/Code/StellarSpectraObservationFitting.jl/src/regularization_functions.jl:115
┌ Warning: weak local minimum 222005.1622559814 vs. 222005.1846160227
└ @ StellarSpectraObservationFitting /mnt/c/Users/eford/Code/StellarSpectraObservationFitting.jl/src/regularization_functions.jl:115
┌ Warning: weak local minimum 220357.36564278815 vs. 220357.4986307929
└ @ StellarSpectraObservationFitting /mnt/c/Users/eford/Code/StellarSpectraObservationFitting.jl/src/regularization_functions.jl:115
┌ Warning: weak local minimum 220356.73726001673 vs. 220356.74372814514
└ @ StellarSpectraObservationFitting /mnt/c/Users/eford/Code/StellarSpectraObservationFitting.jl/src/regularization_functions.jl:115
┌ Warning: The profile data buffer is full; profiling probably terminated
│ before your program finished. To profile for longer runs, call
│ `Profile.init()` with a larger buffer and/or larger delay.
└ @ Profile ~/.julia/juliaup/julia-1.12.7+0.x64.linux.gnu/share/julia/stdlib/v1.12/Profile/src/Profile.jl:693
┌ Warning: The profile data buffer is full; profiling probably terminated
│ before your program finished. To profile for longer runs, call
│ `Profile.init()` with a larger buffer and/or larger delay.
└ @ Profile ~/.julia/juliaup/julia-1.12.7+0.x64.linux.gnu/share/julia/stdlib/v1.12/Profile/src/Profile.jl:693
┌ Warning: Assignment to `rvs` in soft scope is ambiguous because a global variable by the same name exists: `rvs` will be treated as a new local. Disambiguate by using `local rvs` to suppress this warning or `global rvs` to assign to the existing global variable.
└ @ /mnt/c/Users/eford/Code/StellarSpectraObservationFitting.jl/profiling/profile_example.jl:87
┌ Warning: Assignment to `rvs_σ` in soft scope is ambiguous because a global variable by the same name exists: `rvs_σ` will be treated as a new local. Disambiguate by using `local rvs_σ` to suppress this warning or `global rvs_σ` to assign to the existing global variable.
└ @ /mnt/c/Users/eford/Code/StellarSpectraObservationFitting.jl/profiling/profile_example.jl:87
┌ Warning: Assignment to `tel_s_σ` in soft scope is ambiguous because a global variable by the same name exists: `tel_s_σ` will be treated as a new local. Disambiguate by using `local tel_s_σ` to suppress this warning or `global tel_s_σ` to assign to the existing global variable.
└ @ /mnt/c/Users/eford/Code/StellarSpectraObservationFitting.jl/profiling/profile_example.jl:87
┌ Warning: Assignment to `star_s_σ` in soft scope is ambiguous because a global variable by the same name exists: `star_s_σ` will be treated as a new local. Disambiguate by using `local star_s_σ` to suppress this warning or `global star_s_σ` to assign to the existing global variable.
└ @ /mnt/c/Users/eford/Code/StellarSpectraObservationFitting.jl/profiling/profile_example.jl:87
